[16372:000001EE57C303A0]        9 ms: Scavenge 2.1 (37.9) -> 2.1 (37.9) MB, 0.5 / 0 ms [allocation failure].
[16372:000001EE57C303A0]       11 ms: Scavenge 2.2 (39.9) -> 2.2 (39.9) MB, 0.5 / 0 ms [allocation failure].
[16372:000001EE57C303A0]       33 ms: Scavenge 3.6 (40.9) -> 3.5 (40.9) MB, 1.0 / 0 ms [allocation failure].
[16372:000001EE57C303A0]       36 ms: Scavenge 4.7 (40.9) -> 4.6 (41.9) MB, 2.1 / 0 ms [allocation failure].
[16372:000001EE57C303A0]       38 ms: Scavenge 5.4 (41.9) -> 5.4 (42.9) MB, 1.2 / 0 ms [allocation failure].
[16372:000001EE57C303A0]       41 ms: Scavenge 8.5 (42.9) -> 8.5 (42.9) MB, 2.4 / 0 ms [allocation failure].
[16372:000001EE57C303A0]       45 ms: Scavenge 9.3 (42.9) -> 9.3 (46.9) MB, 2.9 / 0 ms [allocation failure].
[16372:000001EE57C303A0]       52 ms: Scavenge 16.3 (46.9) -> 16.0 (46.9) MB, 4.8 / 0 ms [allocation failure].
[16372:000001EE57C303A0]       58 ms: Scavenge 17.1 (46.9) -> 17.0 (53.9) MB, 5.4 / 0 ms [allocation failure].
[16372:000001EE57C303A0]       74 ms: Scavenge 31.7 (53.9) -> 31.4 (54.9) MB, 10.1 / 0 ms [allocation failure].
[16372] Postpone entering high promotion mode as optimized pretenuring code is still being generated
[16372:000001EE57C303A0]       86 ms: Scavenge 32.8 (54.9) -> 32.8 (69.9) MB, 12.4 / 0 ms [allocation failure].
[16372] Postpone entering high promotion mode as optimized pretenuring code is still being generated
[16372:000001EE57C303A0]      100 ms: Scavenge 47.2 (69.9) -> 47.2 (70.9) MB, 10.2 / 0 ms [allocation failure].
[16372] Limited new space size due to high promotion rate: 1 MB
[16372:000001EE57C303A0]      115 ms: Scavenge 48.5 (70.9) -> 48.0 (84.9) MB, 14.9 / 0 ms [allocation failure].
[16372:000001EE57C303A0]      119 ms: Scavenge 49.6 (84.9) -> 49.6 (86.9) MB, 3.7 / 0 ms [allocation failure].
[16372:000001EE57C303A0]      122 ms: Scavenge 50.9 (86.9) -> 50.9 (87.9) MB, 1.9 / 0 ms [allocation failure].
[16372:000001EE57C303A0]      123 ms: Scavenge 52.6 (87.9) -> 52.6 (89.9) MB, 1.6 / 0 ms [allocation failure].
[16372:000001EE57C303A0]      126 ms: Scavenge 53.9 (89.9) -> 53.9 (90.9) MB, 1.8 / 0 ms [allocation failure].
[16372:000001EE57C303A0]      128 ms: Scavenge 55.5 (90.9) -> 55.5 (92.9) MB, 1.7 / 0 ms [allocation failure].
[16372:000001EE57C303A0]      130 ms: Scavenge 56.8 (92.9) -> 56.8 (93.9) MB, 1.9 / 0 ms [allocation failure].
[16372:000001EE57C303A0]      132 ms: Scavenge 58.5 (93.9) -> 58.5 (95.9) MB, 1.7 / 0 ms [allocation failure].
[16372:000001EE57C303A0]      134 ms: Scavenge 59.8 (95.9) -> 59.8 (96.9) MB, 1.7 / 0 ms [allocation failure].
[16372:000001EE57C303A0]      136 ms: Scavenge 61.4 (96.9) -> 61.4 (98.9) MB, 2.2 / 0 ms [allocation failure].
[16372:000001EE57C303A0]      138 ms: Scavenge 62.7 (98.9) -> 62.7 (99.9) MB, 1.7 / 0 ms [allocation failure].
[16372:000001EE57C303A0]      140 ms: Scavenge 64.4 (99.9) -> 64.4 (101.9) MB, 1.7 / 0 ms [allocation failure].
[16372:000001EE57C303A0]      142 ms: Scavenge 65.7 (101.9) -> 65.7 (102.9) MB, 2.2 / 0 ms [allocation failure].
[16372:000001EE57C303A0]      144 ms: Scavenge 67.3 (102.9) -> 66.8 (104.9) MB, 1.3 / 0 ms [allocation failure].
[16372:000001EE57C303A0]      146 ms: Scavenge 68.6 (104.9) -> 68.6 (105.9) MB, 1.8 / 0 ms [allocation failure].
[16372:000001EE57C303A0]      148 ms: Scavenge 69.8 (105.9) -> 69.8 (107.9) MB, 1.9 / 0 ms [allocation failure].
[16372:000001EE57C303A0]      150 ms: Scavenge 71.6 (107.9) -> 71.6 (108.9) MB, 1.7 / 0 ms [allocation failure].
[16372:000001EE57C303A0]      152 ms: Scavenge 72.7 (108.9) -> 72.7 (110.9) MB, 2.0 / 0 ms [allocation failure].
[16372:000001EE57C303A0]      154 ms: Scavenge 74.5 (110.9) -> 74.5 (111.9) MB, 2.0 / 0 ms [allocation failure].
[16372:000001EE57C303A0]      156 ms: Scavenge 75.7 (111.9) -> 75.7 (113.9) MB, 1.8 / 0 ms [allocation failure].
[16372:000001EE57C303A0]      159 ms: Scavenge 77.5 (113.9) -> 77.5 (114.9) MB, 1.8 / 0 ms [allocation failure].
[16372:000001EE57C303A0]      161 ms: Scavenge 78.6 (114.9) -> 78.6 (116.9) MB, 1.8 / 0 ms [allocation failure].
[16372:000001EE57C303A0]      163 ms: Scavenge 80.4 (116.9) -> 80.4 (117.9) MB, 1.7 / 0 ms [allocation failure].
[16372:000001EE57C303A0]      165 ms: Scavenge 81.6 (117.9) -> 81.6 (119.9) MB, 2.0 / 0 ms [allocation failure].
[16372:000001EE57C303A0]      167 ms: Scavenge 83.4 (119.9) -> 83.4 (120.9) MB, 1.8 / 0 ms [allocation failure].
[16372:000001EE57C303A0]      170 ms: Scavenge 84.6 (120.9) -> 84.6 (122.9) MB, 2.7 / 0 ms [allocation failure].
[16372:000001EE57C303A0]      172 ms: Scavenge 86.3 (122.9) -> 86.3 (123.9) MB, 1.8 / 0 ms [allocation failure].
[16372:000001EE57C303A0]      174 ms: Scavenge 87.5 (123.9) -> 87.5 (125.9) MB, 1.9 / 0 ms [allocation failure].
[16372:000001EE57C303A0]      176 ms: Scavenge 89.3 (125.9) -> 89.3 (126.9) MB, 1.8 / 0 ms [allocation failure].
[16372:000001EE57C303A0]      179 ms: Scavenge 90.5 (126.9) -> 90.5 (128.9) MB, 1.9 / 0 ms [allocation failure].
[16372:000001EE57C303A0]      181 ms: Scavenge 92.3 (128.9) -> 92.3 (129.9) MB, 1.9 / 0 ms [allocation failure].
[16372:000001EE57C303A0]      183 ms: Scavenge 93.4 (129.9) -> 93.4 (131.9) MB, 2.2 / 0 ms [allocation failure].
[16372:000001EE57C303A0]      186 ms: Scavenge 95.2 (131.9) -> 95.2 (132.9) MB, 2.2 / 0 ms [allocation failure].
[16372:000001EE57C303A0]      188 ms: Scavenge 96.4 (132.9) -> 96.4 (134.9) MB, 2.1 / 0 ms [allocation failure].
[16372:000001EE57C303A0]      201 ms: Scavenge 99.5 (136.3) -> 99.5 (137.3) MB, 2.8 / 0 ms [allocation failure].
[16372:000001EE57C303A0]      203 ms: Scavenge 100.6 (137.3) -> 100.6 (139.3) MB, 2.2 / 0 ms [allocation failure].
[16372:000001EE57C303A0]      205 ms: Scavenge 102.4 (139.3) -> 102.4 (140.3) MB, 1.7 / 0 ms [allocation failure].
[16372:000001EE57C303A0]      208 ms: Scavenge 103.6 (140.3) -> 103.6 (142.3) MB, 2.0 / 0 ms [allocation failure].
[16372:000001EE57C303A0]      210 ms: Scavenge 105.4 (142.3) -> 105.4 (143.3) MB, 1.7 / 0 ms [allocation failure].
[16372:000001EE57C303A0]      212 ms: Scavenge 106.5 (143.3) -> 106.5 (145.3) MB, 1.9 / 0 ms [allocation failure].
[16372:000001EE57C303A0]      214 ms: Scavenge 108.3 (145.3) -> 108.3 (146.3) MB, 1.9 / 0 ms [allocation failure].
[16372:000001EE57C303A0]      216 ms: Scavenge 109.5 (146.3) -> 109.5 (148.3) MB, 1.8 / 0 ms [allocation failure].
[16372:000001EE57C303A0]      219 ms: Scavenge 111.3 (148.3) -> 111.3 (149.3) MB, 2.3 / 0 ms [allocation failure].
[16372:000001EE57C303A0]      221 ms: Scavenge 112.4 (149.3) -> 112.4 (151.3) MB, 1.8 / 0 ms [allocation failure].
[16372:000001EE57C303A0]      223 ms: Scavenge 114.2 (151.3) -> 114.2 (152.3) MB, 1.6 / 0 ms [allocation failure].
[16372:000001EE57C303A0]      225 ms: Scavenge 115.4 (152.3) -> 115.4 (154.3) MB, 1.9 / 0 ms [allocation failure].
[16372:000001EE57C303A0]      227 ms: Scavenge 117.2 (154.3) -> 117.2 (155.3) MB, 1.7 / 0 ms [allocation failure].
[16372:000001EE57C303A0]      229 ms: Scavenge 118.3 (155.3) -> 118.3 (157.3) MB, 1.9 / 0 ms [allocation failure].
[16372:000001EE57C303A0]      231 ms: Scavenge 120.1 (157.3) -> 120.1 (158.3) MB, 2.1 / 0 ms [allocation failure].
[16372:000001EE57C303A0]      234 ms: Scavenge 121.3 (158.3) -> 121.3 (160.3) MB, 2.1 / 0 ms [allocation failure].
[16372:000001EE57C303A0]      238 ms: Scavenge 123.1 (160.3) -> 123.1 (161.3) MB, 2.3 / 0 ms [allocation failure].
[16372:000001EE57C303A0]      240 ms: Scavenge 124.2 (161.3) -> 124.2 (163.3) MB, 2.1 / 0 ms [allocation failure].
[16372:000001EE57C303A0]      242 ms: Scavenge 126.0 (163.3) -> 126.0 (164.3) MB, 1.8 / 0 ms [allocation failure].
[16372:000001EE57C303A0]      245 ms: Scavenge 127.2 (164.3) -> 127.2 (166.3) MB, 2.1 / 0 ms [allocation failure].
[16372:000001EE57C303A0]      248 ms: Scavenge 129.0 (166.3) -> 129.0 (167.3) MB, 2.8 / 0 ms [allocation failure].
[16372:000001EE57C303A0]      250 ms: Scavenge 130.1 (167.3) -> 130.1 (169.3) MB, 2.1 / 0 ms [allocation failure].
[16372:000001EE57C303A0]      253 ms: Scavenge 131.9 (169.3) -> 131.9 (170.3) MB, 2.4 / 0 ms [allocation failure].
[16372:000001EE57C303A0]      256 ms: Scavenge 133.1 (170.3) -> 133.1 (172.3) MB, 2.4 / 0 ms [allocation failure].
[16372:000001EE57C303A0]      259 ms: Scavenge 134.9 (172.3) -> 134.9 (173.3) MB, 2.3 / 0 ms [allocation failure].
[16372:000001EE57C303A0]      261 ms: Scavenge 136.0 (173.3) -> 136.0 (175.3) MB, 2.3 / 0 ms [allocation failure].
[16372:000001EE57C303A0]      264 ms: Scavenge 137.8 (175.3) -> 137.8 (176.3) MB, 2.5 / 0 ms [allocation failure].
[16372:000001EE57C303A0]      267 ms: Scavenge 139.0 (176.3) -> 139.0 (178.3) MB, 2.4 / 0 ms [allocation failure].
[16372:000001EE57C303A0]      270 ms: Scavenge 140.8 (178.3) -> 140.8 (179.3) MB, 3.0 / 0 ms [allocation failure].
[16372:000001EE57C303A0]      273 ms: Scavenge 141.9 (179.3) -> 141.9 (181.3) MB, 2.5 / 0 ms [allocation failure].
[16372:000001EE57C303A0]      276 ms: Scavenge 143.7 (181.3) -> 143.7 (182.3) MB, 2.1 / 0 ms [allocation failure].
[16372:000001EE57C303A0]      278 ms: Scavenge 144.9 (182.3) -> 144.9 (184.3) MB, 2.4 / 0 ms [allocation failure].
[16372:000001EE57C303A0]      288 ms: Scavenge 148.6 (186.3) -> 148.6 (187.3) MB, 5.4 / 0 ms [allocation failure].
[16372:000001EE57C303A0]      291 ms: Scavenge 149.8 (187.3) -> 149.8 (189.3) MB, 2.6 / 0 ms [allocation failure].
[16372:000001EE57C303A0]      293 ms: Scavenge 151.6 (189.3) -> 151.6 (190.3) MB, 1.6 / 0 ms [allocation failure].
[16372:000001EE57C303A0]      295 ms: Scavenge 152.7 (190.3) -> 152.7 (192.3) MB, 2.4 / 0 ms [allocation failure].
[16372:000001EE57C303A0]      298 ms: Scavenge 154.5 (192.3) -> 154.5 (193.3) MB, 2.1 / 0 ms [allocation failure].
[16372:000001EE57C303A0]      300 ms: Scavenge 155.7 (193.3) -> 155.7 (195.3) MB, 2.1 / 0 ms [allocation failure].
[16372:000001EE57C303A0]      302 ms: Scavenge 157.5 (195.3) -> 157.5 (196.3) MB, 1.9 / 0 ms [allocation failure].
[16372:000001EE57C303A0]      305 ms: Scavenge 158.7 (196.3) -> 158.7 (198.3) MB, 2.4 / 0 ms [allocation failure].
[16372:000001EE57C303A0]      307 ms: Scavenge 160.4 (198.3) -> 160.4 (199.3) MB, 2.0 / 0 ms [allocation failure].
[16372:000001EE57C303A0]      309 ms: Scavenge 161.6 (199.3) -> 161.6 (201.3) MB, 2.0 / 0 ms [allocation failure].
[16372:000001EE57C303A0]      312 ms: Scavenge 163.4 (201.3) -> 163.4 (202.3) MB, 2.2 / 0 ms [allocation failure].
[16372:000001EE57C303A0]      315 ms: Scavenge 164.6 (202.3) -> 164.6 (204.3) MB, 2.4 / 0 ms [allocation failure].
[16372:000001EE57C303A0]      317 ms: Scavenge 166.4 (204.3) -> 166.4 (205.3) MB, 1.7 / 0 ms [allocation failure].
[16372:000001EE57C303A0]      319 ms: Scavenge 167.5 (205.3) -> 167.5 (207.3) MB, 2.1 / 0 ms [allocation failure].
[16372:000001EE57C303A0]      321 ms: Scavenge 169.3 (207.3) -> 169.3 (208.3) MB, 1.9 / 0 ms [allocation failure].
[16372:000001EE57C303A0]      323 ms: Scavenge 170.5 (208.3) -> 170.5 (210.3) MB, 2.1 / 0 ms [allocation failure].
[16372:000001EE57C303A0]      326 ms: Scavenge 172.3 (210.3) -> 172.3 (211.3) MB, 1.9 / 1 ms [allocation failure].
[16372:000001EE57C303A0]      328 ms: Scavenge 173.4 (211.3) -> 173.4 (213.3) MB, 2.1 / 0 ms [allocation failure].
[16372:000001EE57C303A0]      330 ms: Scavenge 175.2 (213.3) -> 175.2 (214.3) MB, 2.2 / 0 ms [allocation failure].
[16372:000001EE57C303A0]      333 ms: Scavenge 176.4 (214.3) -> 176.4 (216.3) MB, 2.1 / 0 ms [allocation failure].
[16372:000001EE57C303A0]      335 ms: Scavenge 178.2 (216.3) -> 178.2 (217.3) MB, 2.3 / 0 ms [allocation failure].
[16372:000001EE57C303A0]      338 ms: Scavenge 179.3 (217.3) -> 179.3 (219.3) MB, 2.1 / 0 ms [allocation failure].
[16372:000001EE57C303A0]      340 ms: Scavenge 181.1 (219.3) -> 181.1 (220.3) MB, 1.7 / 0 ms [allocation failure].
[16372:000001EE57C303A0]      342 ms: Scavenge 182.3 (220.3) -> 182.3 (222.3) MB, 2.4 / 0 ms [allocation failure].
[16372:000001EE57C303A0]      344 ms: Scavenge 184.1 (222.3) -> 184.1 (223.3) MB, 1.6 / 0 ms [allocation failure].
[16372:000001EE57C303A0]      347 ms: Scavenge 185.2 (223.3) -> 185.2 (225.3) MB, 2.5 / 0 ms [allocation failure].
[16372:000001EE57C303A0]      349 ms: Scavenge 187.0 (225.3) -> 187.0 (226.3) MB, 1.7 / 0 ms [allocation failure].
[16372:000001EE57C303A0]      351 ms: Scavenge 188.2 (226.3) -> 188.2 (228.3) MB, 2.2 / 0 ms [allocation failure].
[16372:000001EE57C303A0]      353 ms: Scavenge 190.0 (228.3) -> 190.0 (229.3) MB, 1.7 / 0 ms [allocation failure].
[16372:000001EE57C303A0]      356 ms: Scavenge 191.1 (229.3) -> 191.1 (231.3) MB, 2.2 / 0 ms [allocation failure].
[16372:000001EE57C303A0]      358 ms: Scavenge 192.9 (231.3) -> 192.9 (232.3) MB, 1.7 / 0 ms [allocation failure].
[16372:000001EE57C303A0]      360 ms: Scavenge 194.1 (232.3) -> 194.1 (234.3) MB, 2.1 / 0 ms [allocation failure].
[16372:000001EE57C303A0]      363 ms: Scavenge 195.9 (234.3) -> 195.9 (235.3) MB, 2.5 / 0 ms [allocation failure].
[16372:000001EE57C303A0]      365 ms: Scavenge 197.0 (235.3) -> 197.0 (237.3) MB, 2.0 / 0 ms [allocation failure].
[16372:000001EE57C303A0]      368 ms: Scavenge 198.8 (237.3) -> 198.8 (238.3) MB, 2.0 / 0 ms [allocation failure].
[16372:000001EE57C303A0]      370 ms: Scavenge 200.0 (238.3) -> 200.0 (240.3) MB, 2.1 / 0 ms [allocation failure].
[16372:000001EE57C303A0]      372 ms: Scavenge 201.8 (240.3) -> 201.8 (241.3) MB, 2.0 / 0 ms [allocation failure].
[16372:000001EE57C303A0]      375 ms: Scavenge 202.9 (241.3) -> 202.9 (243.3) MB, 2.0 / 0 ms [allocation failure].
[16372:000001EE57C303A0]      377 ms: Scavenge 204.7 (243.3) -> 204.7 (244.3) MB, 1.9 / 0 ms [allocation failure].
[16372:000001EE57C303A0]      379 ms: Scavenge 205.9 (244.3) -> 205.9 (246.3) MB, 1.9 / 0 ms [allocation failure].
[16372:000001EE57C303A0]      381 ms: Scavenge 207.7 (246.3) -> 207.7 (247.3) MB, 2.0 / 0 ms [allocation failure].
[16372:000001EE57C303A0]      384 ms: Scavenge 208.8 (247.3) -> 208.8 (249.3) MB, 2.9 / 0 ms [allocation failure].
[16372:000001EE57C303A0]      387 ms: Scavenge 210.6 (249.3) -> 210.6 (250.3) MB, 2.2 / 0 ms [allocation failure].
[16372:000001EE57C303A0]      390 ms: Scavenge 211.8 (250.3) -> 211.8 (252.3) MB, 2.5 / 0 ms [allocation failure].
[16372:000001EE57C303A0]      392 ms: Scavenge 213.6 (252.3) -> 213.6 (253.3) MB, 1.9 / 0 ms [allocation failure].
[16372:000001EE57C303A0]      394 ms: Scavenge 214.7 (253.3) -> 214.7 (255.3) MB, 2.1 / 0 ms [allocation failure].
[16372:000001EE57C303A0]      397 ms: Scavenge 216.5 (255.3) -> 216.5 (256.3) MB, 1.8 / 0 ms [allocation failure].
[16372:000001EE57C303A0]      403 ms: Scavenge 220.6 (259.2) -> 220.6 (261.2) MB, 2.9 / 0 ms [allocation failure].
[16372:000001EE57C303A0]      405 ms: Scavenge 222.4 (261.2) -> 222.4 (262.2) MB, 1.6 / 0 ms [allocation failure].
[16372:000001EE57C303A0]      407 ms: Scavenge 223.6 (262.2) -> 223.6 (264.2) MB, 2.1 / 0 ms [allocation failure].
[16372:000001EE57C303A0]      410 ms: Scavenge 225.4 (264.2) -> 225.4 (265.2) MB, 2.6 / 0 ms [allocation failure].
[16372:000001EE57C303A0]      412 ms: Scavenge 226.5 (265.2) -> 226.5 (267.2) MB, 1.8 / 0 ms [allocation failure].
[16372:000001EE57C303A0]      414 ms: Scavenge 228.3 (267.2) -> 228.3 (268.2) MB, 2.0 / 0 ms [allocation failure].
[16372:000001EE57C303A0]      417 ms: Scavenge 229.5 (268.2) -> 229.5 (270.2) MB, 2.0 / 0 ms [allocation failure].
[16372:000001EE57C303A0]      419 ms: Scavenge 231.3 (270.2) -> 231.3 (271.2) MB, 2.4 / 0 ms [allocation failure].
[16372:000001EE57C303A0]      422 ms: Scavenge 232.4 (271.2) -> 232.4 (273.2) MB, 2.1 / 0 ms [allocation failure].
[16372:000001EE57C303A0]      424 ms: Scavenge 234.2 (273.2) -> 234.2 (274.2) MB, 2.0 / 0 ms [allocation failure].
[16372:000001EE57C303A0]      426 ms: Scavenge 235.4 (274.2) -> 235.4 (276.2) MB, 2.0 / 0 ms [allocation failure].
[16372:000001EE57C303A0]      428 ms: Scavenge 237.2 (276.2) -> 237.2 (277.2) MB, 1.6 / 0 ms [allocation failure].
[16372:000001EE57C303A0]      431 ms: Scavenge 238.3 (277.2) -> 238.3 (279.2) MB, 2.2 / 0 ms [allocation failure].
[16372:000001EE57C303A0]      433 ms: Scavenge 240.1 (279.2) -> 240.1 (280.2) MB, 1.8 / 0 ms [allocation failure].
[16372:000001EE57C303A0]      436 ms: Scavenge 241.3 (280.2) -> 241.3 (282.2) MB, 2.6 / 0 ms [allocation failure].
[16372:000001EE57C303A0]      438 ms: Scavenge 243.1 (282.2) -> 243.1 (283.2) MB, 1.9 / 0 ms [allocation failure].
[16372:000001EE57C303A0]      441 ms: Scavenge 244.2 (283.2) -> 244.2 (285.2) MB, 2.1 / 0 ms [allocation failure].
[16372:000001EE57C303A0]      443 ms: Scavenge 246.0 (285.2) -> 246.0 (286.2) MB, 1.7 / 0 ms [allocation failure].
[16372:000001EE57C303A0]      445 ms: Scavenge 247.2 (286.2) -> 247.2 (288.2) MB, 2.1 / 0 ms [allocation failure].
[16372:000001EE57C303A0]      447 ms: Scavenge 249.0 (288.2) -> 249.0 (289.2) MB, 2.2 / 0 ms [allocation failure].
[16372:000001EE57C303A0]      449 ms: Scavenge 250.1 (289.2) -> 250.1 (291.2) MB, 1.8 / 0 ms [allocation failure].
[16372:000001EE57C303A0]      452 ms: Scavenge 251.9 (291.2) -> 251.9 (292.2) MB, 2.7 / 0 ms [allocation failure].
[16372:000001EE57C303A0]      455 ms: Scavenge 253.1 (292.2) -> 253.1 (294.2) MB, 2.1 / 0 ms [allocation failure].
[16372:000001EE57C303A0]      457 ms: Scavenge 254.9 (294.2) -> 254.9 (295.2) MB, 1.7 / 0 ms [allocation failure].
[16372:000001EE57C303A0]      459 ms: Scavenge 256.0 (295.2) -> 256.0 (297.2) MB, 2.1 / 0 ms [allocation failure].
[16372:000001EE57C303A0]      461 ms: Scavenge 257.8 (297.2) -> 257.8 (298.2) MB, 2.0 / 0 ms [allocation failure].
[16372:000001EE57C303A0] Increasing marking speed to 3 due to high promotion rate
[16372:000001EE57C303A0]      471 ms: Scavenge 259.0 (298.2) -> 259.0 (300.2) MB, 2.3 / 0 ms (+ 1.0 ms in 17 steps since last GC) [allocation failure].
[16372:000001EE57C303A0]      476 ms: Scavenge 260.8 (300.2) -> 260.8 (301.2) MB, 2.0 / 0 ms (+ 2.0 ms in 27 steps since last GC) [allocation failure].
[16372:000001EE57C303A0]      481 ms: Scavenge 261.9 (301.2) -> 261.9 (303.2) MB, 2.5 / 0 ms (+ 2.0 ms in 17 steps since last GC) [allocation failure].
[16372:000001EE57C303A0]      486 ms: Scavenge 263.7 (303.2) -> 263.7 (304.2) MB, 2.3 / 1 ms (+ 2.0 ms in 27 steps since last GC) [allocation failure].
[16372:000001EE57C303A0]      490 ms: Scavenge 264.9 (304.2) -> 264.9 (306.2) MB, 2.2 / 0 ms (+ 2.0 ms in 17 steps since last GC) [allocation failure].
[16372:000001EE57C303A0]      495 ms: Scavenge 266.7 (306.2) -> 266.7 (307.2) MB, 1.9 / 0 ms (+ 3.0 ms in 27 steps since last GC) [allocation failure].
[16372:000001EE57C303A0]      499 ms: Scavenge 267.8 (307.2) -> 267.8 (309.2) MB, 2.1 / 0 ms (+ 2.0 ms in 17 steps since last GC) [allocation failure].
[16372:000001EE57C303A0]      505 ms: Scavenge 269.6 (309.2) -> 269.6 (310.2) MB, 2.2 / 0 ms (+ 2.0 ms in 27 steps since last GC) [allocation failure].
[16372:000001EE57C303A0]      509 ms: Scavenge 270.8 (310.2) -> 270.8 (312.2) MB, 2.2 / 0 ms (+ 1.0 ms in 17 steps since last GC) [allocation failure].
[16372:000001EE57C303A0]      513 ms: Scavenge 272.6 (312.2) -> 272.6 (313.2) MB, 1.9 / 0 ms (+ 2.0 ms in 27 steps since last GC) [allocation failure].
[16372:000001EE57C303A0]      517 ms: Scavenge 273.7 (313.2) -> 273.7 (315.2) MB, 2.5 / 0 ms (+ 2.0 ms in 17 steps since last GC) [allocation failure].
[16372:000001EE57C303A0]      522 ms: Scavenge 275.5 (315.2) -> 275.5 (316.2) MB, 2.1 / 0 ms (+ 3.0 ms in 27 steps since last GC) [allocation failure].
[16372:000001EE57C303A0]      526 ms: Scavenge 276.7 (316.2) -> 276.7 (318.2) MB, 2.3 / 0 ms (+ 2.0 ms in 17 steps since last GC) [allocation failure].
[16372:000001EE57C303A0]      531 ms: Scavenge 278.5 (318.2) -> 278.5 (319.2) MB, 1.7 / 0 ms (+ 4.0 ms in 27 steps since last GC) [allocation failure].
[16372:000001EE57C303A0]      536 ms: Scavenge 279.6 (319.2) -> 279.6 (321.2) MB, 2.5 / 0 ms (+ 2.0 ms in 17 steps since last GC) [allocation failure].
[16372:000001EE57C303A0]      541 ms: Scavenge 281.4 (321.2) -> 281.4 (322.2) MB, 2.1 / 0 ms (+ 2.0 ms in 27 steps since last GC) [allocation failure].
[16372:000001EE57C303A0]      545 ms: Scavenge 282.6 (322.2) -> 282.6 (324.2) MB, 2.3 / 0 ms (+ 0.0 ms in 17 steps since last GC) [allocation failure].
[16372:000001EE57C303A0]      550 ms: Scavenge 284.4 (324.2) -> 284.4 (325.2) MB, 2.3 / 0 ms (+ 3.0 ms in 27 steps since last GC) [allocation failure].
[16372:000001EE57C303A0]      554 ms: Scavenge 285.5 (325.2) -> 285.5 (327.2) MB, 2.3 / 0 ms (+ 2.0 ms in 17 steps since last GC) [allocation failure].
[16372:000001EE57C303A0]      558 ms: Scavenge 287.3 (327.2) -> 287.3 (328.2) MB, 1.7 / 0 ms (+ 3.0 ms in 27 steps since last GC) [allocation failure].
[16372:000001EE57C303A0]      563 ms: Scavenge 288.5 (328.2) -> 288.5 (330.2) MB, 2.2 / 0 ms (+ 2.0 ms in 17 steps since last GC) [allocation failure].
[16372:000001EE57C303A0]      567 ms: Scavenge 290.3 (330.2) -> 290.3 (331.2) MB, 2.1 / 0 ms (+ 2.0 ms in 27 steps since last GC) [allocation failure].
[16372:000001EE57C303A0]      571 ms: Scavenge 291.4 (331.2) -> 291.4 (333.2) MB, 2.1 / 0 ms (+ 1.0 ms in 17 steps since last GC) [allocation failure].
[16372:000001EE57C303A0]      576 ms: Scavenge 293.2 (333.2) -> 293.2 (334.2) MB, 1.8 / 0 ms (+ 3.0 ms in 27 steps since last GC) [allocation failure].
[16372:000001EE57C303A0]      580 ms: Scavenge 294.4 (334.2) -> 294.4 (336.2) MB, 2.3 / 0 ms (+ 2.0 ms in 17 steps since last GC) [allocation failure].
[16372:000001EE57C303A0]      585 ms: Scavenge 296.2 (336.2) -> 296.2 (337.2) MB, 2.2 / 0 ms (+ 2.0 ms in 27 steps since last GC) [allocation failure].
[16372:000001EE57C303A0]      589 ms: Scavenge 297.3 (337.2) -> 297.3 (339.2) MB, 2.5 / 0 ms (+ 2.0 ms in 17 steps since last GC) [allocation failure].
[16372:000001EE57C303A0]      594 ms: Scavenge 299.1 (339.2) -> 299.1 (340.2) MB, 1.9 / 0 ms (+ 2.0 ms in 27 steps since last GC) [allocation failure].
[16372:000001EE57C303A0]      598 ms: Scavenge 300.3 (340.2) -> 300.3 (342.2) MB, 2.1 / 0 ms (+ 1.0 ms in 17 steps since last GC) [allocation failure].
[16372:000001EE57C303A0]      603 ms: Scavenge 302.1 (342.2) -> 302.1 (343.2) MB, 2.1 / 0 ms (+ 2.0 ms in 27 steps since last GC) [allocation failure].
[16372:000001EE57C303A0]      607 ms: Scavenge 303.2 (343.2) -> 303.2 (345.2) MB, 2.3 / 0 ms (+ 2.0 ms in 17 steps since last GC) [allocation failure].
[16372:000001EE57C303A0]      612 ms: Scavenge 305.0 (345.2) -> 305.0 (346.2) MB, 1.8 / 0 ms (+ 3.0 ms in 27 steps since last GC) [allocation failure].
[16372:000001EE57C303A0]      616 ms: Scavenge 306.2 (346.2) -> 306.2 (348.2) MB, 2.1 / 0 ms (+ 2.0 ms in 17 steps since last GC) [allocation failure].
[16372:000001EE57C303A0]      621 ms: Scavenge 308.0 (348.2) -> 308.0 (349.2) MB, 2.1 / 0 ms (+ 3.0 ms in 27 steps since last GC) [allocation failure].
[16372:000001EE57C303A0]      625 ms: Scavenge 309.1 (349.2) -> 309.1 (351.2) MB, 1.9 / 0 ms (+ 1.0 ms in 17 steps since last GC) [allocation failure].
[16372:000001EE57C303A0]      630 ms: Scavenge 310.9 (351.2) -> 310.9 (352.2) MB, 2.0 / 0 ms (+ 3.0 ms in 27 steps since last GC) [allocation failure].
[16372:000001EE57C303A0]      633 ms: Scavenge 312.1 (352.2) -> 312.1 (354.2) MB, 2.1 / 0 ms (+ 1.0 ms in 17 steps since last GC) [allocation failure].
[16372:000001EE57C303A0]      638 ms: Scavenge 313.9 (354.2) -> 313.9 (355.2) MB, 2.0 / 0 ms (+ 2.0 ms in 27 steps since last GC) [allocation failure].
[16372:000001EE57C303A0]      643 ms: Scavenge 315.1 (355.2) -> 315.1 (357.2) MB, 2.7 / 0 ms (+ 2.0 ms in 17 steps since last GC) [allocation failure].
[16372:000001EE57C303A0]      648 ms: Scavenge 316.8 (357.2) -> 316.8 (358.2) MB, 1.8 / 0 ms (+ 2.0 ms in 27 steps since last GC) [allocation failure].
[16372:000001EE57C303A0]      652 ms: Scavenge 318.0 (358.2) -> 318.0 (360.2) MB, 2.4 / 0 ms (+ 1.0 ms in 17 steps since last GC) [allocation failure].
[16372:000001EE57C303A0]      656 ms: Scavenge 319.8 (360.2) -> 319.8 (361.2) MB, 2.0 / 0 ms (+ 2.0 ms in 27 steps since last GC) [allocation failure].
[16372:000001EE57C303A0]      660 ms: Scavenge 321.0 (361.2) -> 321.0 (363.2) MB, 1.8 / 0 ms (+ 1.0 ms in 17 steps since last GC) [allocation failure].
[16372:000001EE57C303A0]      665 ms: Scavenge 322.8 (363.2) -> 322.8 (364.2) MB, 2.0 / 0 ms (+ 2.0 ms in 27 steps since last GC) [allocation failure].
[16372:000001EE57C303A0]      692 ms: Scavenge 328.3 (368.7) -> 328.3 (370.7) MB, 3.0 / 0 ms (+ 19.0 ms in 18 steps since last GC) [allocation failure].
[16372:000001EE57C303A0]      697 ms: Scavenge 330.1 (370.7) -> 330.1 (371.7) MB, 2.2 / 0 ms (+ 3.0 ms in 27 steps since last GC) [allocation failure].
[16372:000001EE57C303A0]      702 ms: Scavenge 331.3 (371.7) -> 331.3 (373.7) MB, 2.9 / 0 ms (+ 2.0 ms in 17 steps since last GC) [allocation failure].
[16372:000001EE57C303A0]      709 ms: Scavenge 333.1 (373.7) -> 333.1 (374.7) MB, 1.8 / 0 ms (+ 3.0 ms in 27 steps since last GC) [allocation failure].
[16372:000001EE57C303A0]      714 ms: Scavenge 334.2 (374.7) -> 334.2 (376.7) MB, 2.2 / 0 ms (+ 3.0 ms in 17 steps since last GC) [allocation failure].
[16372:000001EE57C303A0]      721 ms: Scavenge 336.0 (376.7) -> 336.0 (377.7) MB, 2.2 / 0 ms (+ 4.0 ms in 27 steps since last GC) [allocation failure].
[16372:000001EE57C303A0]      726 ms: Scavenge 337.2 (377.7) -> 337.2 (379.7) MB, 2.0 / 0 ms (+ 1.0 ms in 17 steps since last GC) [allocation failure].
[16372:000001EE57C303A0]      733 ms: Scavenge 339.0 (379.7) -> 339.0 (380.7) MB, 2.1 / 0 ms (+ 4.0 ms in 27 steps since last GC) [allocation failure].
[16372:000001EE57C303A0]      739 ms: Scavenge 340.1 (380.7) -> 340.1 (382.7) MB, 2.1 / 0 ms (+ 4.0 ms in 17 steps since last GC) [allocation failure].
[16372:000001EE57C303A0]      745 ms: Scavenge 341.9 (382.7) -> 341.9 (383.7) MB, 2.0 / 0 ms (+ 4.0 ms in 27 steps since last GC) [allocation failure].
[16372:000001EE57C303A0]      751 ms: Scavenge 343.1 (383.7) -> 343.1 (385.7) MB, 2.0 / 0 ms (+ 4.0 ms in 17 steps since last GC) [allocation failure].
[16372:000001EE57C303A0]      757 ms: Scavenge 344.9 (385.7) -> 344.9 (386.7) MB, 2.0 / 0 ms (+ 4.0 ms in 27 steps since last GC) [allocation failure].
[16372:000001EE57C303A0]      763 ms: Scavenge 346.0 (386.7) -> 346.0 (388.7) MB, 2.9 / 0 ms (+ 3.0 ms in 17 steps since last GC) [allocation failure].
[16372:000001EE57C303A0]      770 ms: Scavenge 347.8 (388.7) -> 347.8 (389.7) MB, 2.0 / 0 ms (+ 4.0 ms in 27 steps since last GC) [allocation failure].
[16372:000001EE57C303A0]      778 ms: Mark-sweep 348.8 (389.7) -> 343.2 (386.3) MB, 5.4 / 0 ms (+ 152.0 ms in 1291 steps since start of marking, biggest step 17.0 ms) [GC interrupt] [GC in old space requested].
[16372:000001EE57C303A0]      788 ms: Scavenge 344.3 (386.3) -> 344.3 (387.3) MB, 9.6 / 0 ms [allocation failure].
[16372:000001EE57C303A0]      789 ms: Scavenge 345.2 (387.3) -> 345.2 (388.3) MB, 1.3 / 0 ms [allocation failure].
[16372:000001EE57C303A0]      790 ms: Scavenge 346.3 (388.3) -> 346.3 (389.3) MB, 1.3 / 0 ms [allocation failure].
[16372:000001EE57C303A0]      792 ms: Scavenge 347.2 (389.3) -> 347.2 (390.3) MB, 1.2 / 0 ms [allocation failure].
[16372:000001EE57C303A0]      793 ms: Scavenge 348.2 (390.3) -> 348.2 (391.3) MB, 1.3 / 0 ms [allocation failure].
[16372:000001EE57C303A0]      795 ms: Scavenge 349.2 (391.3) -> 349.2 (392.3) MB, 1.2 / 0 ms [allocation failure].
[16372:000001EE57C303A0]      796 ms: Scavenge 350.2 (392.3) -> 350.2 (393.3) MB, 1.3 / 0 ms [allocation failure].
[16372:000001EE57C303A0]      798 ms: Scavenge 351.1 (393.3) -> 351.1 (394.3) MB, 1.2 / 0 ms [allocation failure].
[16372:000001EE57C303A0]      800 ms: Scavenge 352.2 (394.3) -> 352.2 (395.3) MB, 2.0 / 0 ms [allocation failure].
[16372:000001EE57C303A0]      803 ms: Scavenge 353.1 (395.3) -> 353.1 (396.3) MB, 2.9 / 0 ms [allocation failure].
[16372:000001EE57C303A0]      805 ms: Scavenge 354.1 (396.3) -> 354.1 (397.3) MB, 1.4 / 0 ms [allocation failure].
[16372:000001EE57C303A0]      806 ms: Scavenge 355.1 (397.3) -> 355.1 (398.3) MB, 1.3 / 0 ms [allocation failure].
[16372:000001EE57C303A0]      808 ms: Scavenge 356.1 (398.3) -> 356.1 (399.3) MB, 1.8 / 0 ms [allocation failure].
[16372:000001EE57C303A0]      810 ms: Scavenge 357.0 (399.3) -> 357.0 (400.3) MB, 1.3 / 0 ms [allocation failure].
[16372:000001EE57C303A0]      811 ms: Scavenge 358.1 (400.3) -> 358.1 (401.3) MB, 1.5 / 0 ms [allocation failure].
[16372:000001EE57C303A0]      813 ms: Scavenge 359.0 (401.3) -> 359.0 (402.3) MB, 1.6 / 0 ms [allocation failure].
[16372:000001EE57C303A0]      814 ms: Scavenge 360.0 (402.3) -> 360.0 (403.3) MB, 1.2 / 0 ms [allocation failure].
[16372:000001EE57C303A0]      816 ms: Scavenge 361.0 (403.3) -> 361.0 (404.3) MB, 1.2 / 0 ms [allocation failure].
[16372:000001EE57C303A0]      818 ms: Scavenge 362.0 (404.3) -> 362.0 (405.3) MB, 1.6 / 0 ms [allocation failure].
[16372:000001EE57C303A0]      819 ms: Scavenge 362.9 (405.3) -> 362.9 (406.3) MB, 1.3 / 0 ms [allocation failure].
[16372:000001EE57C303A0]      821 ms: Scavenge 364.0 (406.3) -> 364.0 (407.3) MB, 1.7 / 0 ms [allocation failure].
[16372:000001EE57C303A0]      823 ms: Scavenge 364.9 (407.3) -> 364.9 (408.3) MB, 1.7 / 0 ms [allocation failure].
[16372:000001EE57C303A0]      825 ms: Scavenge 365.9 (408.3) -> 365.9 (409.3) MB, 2.0 / 0 ms [allocation failure].
[16372:000001EE57C303A0]      827 ms: Scavenge 366.9 (409.3) -> 366.9 (410.3) MB, 1.5 / 0 ms [allocation failure].
[16372:000001EE57C303A0]      829 ms: Scavenge 367.9 (410.3) -> 367.9 (411.3) MB, 2.2 / 0 ms [allocation failure].
[16372:000001EE57C303A0]      831 ms: Scavenge 368.8 (411.3) -> 368.8 (412.3) MB, 1.3 / 0 ms [allocation failure].
[16372:000001EE57C303A0]      833 ms: Scavenge 369.9 (412.3) -> 369.9 (413.3) MB, 1.6 / 0 ms [allocation failure].
[16372:000001EE57C303A0]      834 ms: Scavenge 370.8 (413.3) -> 370.8 (414.3) MB, 1.4 / 0 ms [allocation failure].
[16372:000001EE57C303A0]      836 ms: Scavenge 371.8 (414.3) -> 371.8 (415.3) MB, 1.3 / 0 ms [allocation failure].
[16372:000001EE57C303A0]      838 ms: Scavenge 372.8 (415.3) -> 372.8 (416.3) MB, 1.6 / 0 ms [allocation failure].
[16372:000001EE57C303A0]      839 ms: Scavenge 373.8 (416.3) -> 373.8 (417.3) MB, 1.2 / 0 ms [allocation failure].
[16372:000001EE57C303A0]      841 ms: Scavenge 374.7 (417.3) -> 374.7 (418.3) MB, 1.7 / 0 ms [allocation failure].
[16372:000001EE57C303A0]      843 ms: Scavenge 375.8 (418.3) -> 375.8 (419.3) MB, 1.2 / 0 ms [allocation failure].
[16372:000001EE57C303A0]      844 ms: Scavenge 376.7 (419.3) -> 376.7 (420.3) MB, 1.5 / 0 ms [allocation failure].
[16372:000001EE57C303A0]      846 ms: Scavenge 377.7 (420.3) -> 377.7 (421.3) MB, 1.2 / 0 ms [allocation failure].
[16372:000001EE57C303A0]      848 ms: Scavenge 378.7 (421.3) -> 378.7 (422.3) MB, 1.7 / 0 ms [allocation failure].
[16372:000001EE57C303A0]      850 ms: Scavenge 379.7 (422.3) -> 379.7 (423.3) MB, 1.6 / 0 ms [allocation failure].
[16372:000001EE57C303A0]      852 ms: Scavenge 380.6 (423.3) -> 380.6 (424.3) MB, 2.2 / 0 ms [allocation failure].
[16372:000001EE57C303A0]      853 ms: Scavenge 381.7 (424.3) -> 381.7 (425.3) MB, 1.2 / 0 ms [allocation failure].
[16372:000001EE57C303A0]      855 ms: Scavenge 382.6 (425.3) -> 382.6 (426.3) MB, 1.7 / 0 ms [allocation failure].
[16372:000001EE57C303A0]      857 ms: Scavenge 383.6 (426.3) -> 383.6 (427.3) MB, 1.7 / 0 ms [allocation failure].
[16372:000001EE57C303A0]      859 ms: Scavenge 384.6 (427.3) -> 384.6 (428.3) MB, 1.6 / 0 ms [allocation failure].
[16372:000001EE57C303A0]      860 ms: Scavenge 385.6 (428.3) -> 385.6 (428.3) MB, 1.1 / 0 ms [allocation failure].
[16372:000001EE57C303A0]      862 ms: Scavenge 386.5 (428.3) -> 386.5 (430.3) MB, 1.7 / 0 ms [allocation failure].
[16372:000001EE57C303A0]      864 ms: Scavenge 387.6 (430.3) -> 387.6 (430.3) MB, 1.3 / 0 ms [allocation failure].
[16372:000001EE57C303A0]      865 ms: Scavenge 388.5 (430.3) -> 388.5 (432.3) MB, 1.7 / 0 ms [allocation failure].
[16372:000001EE57C303A0]      867 ms: Scavenge 389.5 (432.3) -> 389.5 (432.3) MB, 1.1 / 0 ms [allocation failure].
[16372:000001EE57C303A0]      869 ms: Scavenge 390.5 (432.3) -> 390.5 (434.3) MB, 2.1 / 0 ms [allocation failure].
[16372:000001EE57C303A0]      870 ms: Scavenge 391.5 (434.3) -> 391.5 (434.3) MB, 1.1 / 0 ms [allocation failure].
[16372:000001EE57C303A0]      872 ms: Scavenge 392.4 (434.3) -> 392.4 (436.3) MB, 1.8 / 0 ms [allocation failure].
[16372:000001EE57C303A0]      874 ms: Scavenge 393.5 (436.3) -> 393.5 (436.3) MB, 1.6 / 0 ms [allocation failure].
[16372:000001EE57C303A0]      877 ms: Scavenge 394.4 (436.3) -> 394.4 (438.3) MB, 2.4 / 0 ms [allocation failure].
[16372:000001EE57C303A0]      878 ms: Scavenge 395.4 (438.3) -> 395.4 (438.3) MB, 1.3 / 0 ms [allocation failure].
[16372:000001EE57C303A0]      880 ms: Scavenge 396.4 (438.3) -> 396.4 (439.3) MB, 1.7 / 0 ms [allocation failure].
[16372:000001EE57C303A0]      882 ms: Scavenge 397.4 (439.3) -> 397.4 (440.3) MB, 1.3 / 0 ms [allocation failure].
[16372:000001EE57C303A0]      884 ms: Scavenge 398.3 (440.3) -> 398.3 (441.3) MB, 1.5 / 0 ms [allocation failure].
[16372:000001EE57C303A0]      885 ms: Scavenge 399.4 (441.3) -> 399.4 (442.3) MB, 1.3 / 0 ms [allocation failure].
[16372:000001EE57C303A0]      887 ms: Scavenge 400.3 (442.3) -> 400.3 (443.3) MB, 1.5 / 0 ms [allocation failure].
[16372:000001EE57C303A0]      889 ms: Scavenge 401.3 (443.3) -> 401.3 (444.3) MB, 1.5 / 0 ms [allocation failure].
[16372:000001EE57C303A0]      890 ms: Scavenge 402.3 (444.3) -> 402.3 (445.3) MB, 1.2 / 0 ms [allocation failure].
[16372:000001EE57C303A0]      892 ms: Scavenge 403.3 (445.3) -> 403.3 (446.3) MB, 1.6 / 0 ms [allocation failure].
[16372:000001EE57C303A0]      893 ms: Scavenge 404.2 (446.3) -> 404.2 (447.3) MB, 1.3 / 0 ms [allocation failure].
[16372:000001EE57C303A0]      895 ms: Scavenge 405.3 (447.3) -> 405.3 (448.3) MB, 1.6 / 0 ms [allocation failure].
[16372:000001EE57C303A0]      897 ms: Scavenge 406.2 (448.3) -> 406.2 (449.3) MB, 1.3 / 0 ms [allocation failure].
[16372:000001EE57C303A0]      899 ms: Scavenge 407.2 (449.3) -> 407.2 (450.3) MB, 1.5 / 0 ms [allocation failure].
[16372:000001EE57C303A0]      900 ms: Scavenge 408.2 (450.3) -> 408.2 (451.3) MB, 1.2 / 0 ms [allocation failure].
[16372:000001EE57C303A0]      903 ms: Scavenge 409.2 (451.3) -> 409.2 (452.3) MB, 2.3 / 0 ms [allocation failure].
[16372:000001EE57C303A0]      904 ms: Scavenge 410.1 (452.3) -> 410.1 (453.3) MB, 1.3 / 0 ms [allocation failure].
[16372:000001EE57C303A0]      906 ms: Scavenge 411.2 (453.3) -> 411.2 (454.3) MB, 1.5 / 0 ms [allocation failure].
[16372:000001EE57C303A0]      907 ms: Scavenge 412.1 (454.3) -> 412.1 (455.3) MB, 1.3 / 0 ms [allocation failure].
[16372:000001EE57C303A0]      909 ms: Scavenge 413.1 (455.3) -> 413.1 (456.3) MB, 1.5 / 0 ms [allocation failure].
[16372:000001EE57C303A0]      911 ms: Scavenge 414.1 (456.3) -> 414.1 (457.3) MB, 1.3 / 0 ms [allocation failure].
[16372:000001EE57C303A0]      912 ms: Scavenge 415.1 (457.3) -> 415.1 (458.3) MB, 1.4 / 0 ms [allocation failure].
[16372:000001EE57C303A0]      914 ms: Scavenge 416.0 (458.3) -> 416.0 (459.3) MB, 1.7 / 0 ms [allocation failure].
[16372:000001EE57C303A0]      916 ms: Scavenge 417.1 (459.3) -> 417.1 (460.3) MB, 1.5 / 0 ms [allocation failure].
[16372:000001EE57C303A0]      919 ms: Scavenge 418.0 (460.3) -> 418.0 (461.3) MB, 2.5 / 0 ms [allocation failure].
[16372:000001EE57C303A0]      921 ms: Scavenge 419.0 (461.3) -> 419.0 (462.3) MB, 1.3 / 0 ms [allocation failure].
[16372:000001EE57C303A0]      922 ms: Scavenge 420.0 (462.3) -> 420.0 (463.3) MB, 1.6 / 0 ms [allocation failure].
[16372:000001EE57C303A0]      924 ms: Scavenge 421.0 (463.3) -> 421.0 (464.3) MB, 1.2 / 0 ms [allocation failure].
[16372:000001EE57C303A0]      926 ms: Scavenge 421.9 (464.3) -> 421.9 (465.3) MB, 1.7 / 0 ms [allocation failure].
[16372:000001EE57C303A0]      927 ms: Scavenge 423.0 (465.3) -> 423.0 (466.3) MB, 1.2 / 0 ms [allocation failure].
[16372:000001EE57C303A0]      929 ms: Scavenge 423.9 (466.3) -> 423.9 (467.3) MB, 1.8 / 0 ms [allocation failure].
[16372:000001EE57C303A0]      931 ms: Scavenge 424.9 (467.3) -> 424.9 (468.3) MB, 1.7 / 0 ms [allocation failure].
[16372:000001EE57C303A0]      933 ms: Scavenge 425.9 (468.3) -> 425.9 (469.3) MB, 1.2 / 0 ms [allocation failure].
[16372:000001EE57C303A0]      935 ms: Scavenge 426.9 (469.3) -> 426.9 (470.3) MB, 2.0 / 0 ms [allocation failure].
[16372:000001EE57C303A0]      937 ms: Scavenge 427.8 (470.3) -> 427.8 (471.3) MB, 1.7 / 0 ms [allocation failure].
[16372:000001EE57C303A0]      938 ms: Scavenge 428.9 (471.3) -> 428.9 (472.3) MB, 1.3 / 0 ms [allocation failure].
[16372:000001EE57C303A0]      940 ms: Scavenge 429.8 (472.3) -> 429.8 (473.3) MB, 1.7 / 0 ms [allocation failure].
[16372:000001EE57C303A0]      942 ms: Scavenge 430.8 (473.3) -> 430.8 (474.3) MB, 1.3 / 0 ms [allocation failure].
[16372:000001EE57C303A0]      943 ms: Scavenge 431.8 (474.3) -> 431.8 (475.3) MB, 1.6 / 0 ms [allocation failure].
[16372:000001EE57C303A0]      945 ms: Scavenge 432.8 (475.3) -> 432.8 (476.3) MB, 1.3 / 0 ms [allocation failure].
[16372:000001EE57C303A0]      947 ms: Scavenge 433.7 (476.3) -> 433.7 (477.3) MB, 2.0 / 0 ms [allocation failure].
[16372:000001EE57C303A0]      948 ms: Scavenge 434.8 (477.3) -> 434.8 (478.3) MB, 1.2 / 0 ms [allocation failure].
[16372:000001EE57C303A0]      951 ms: Scavenge 435.7 (478.3) -> 435.7 (479.3) MB, 2.5 / 0 ms [allocation failure].
[16372:000001EE57C303A0]      954 ms: Scavenge 436.7 (479.3) -> 436.7 (480.3) MB, 1.9 / 0 ms [allocation failure].
[16372:000001EE57C303A0]      956 ms: Scavenge 437.7 (480.3) -> 437.7 (481.3) MB, 2.0 / 0 ms [allocation failure].
[16372:000001EE57C303A0]      958 ms: Scavenge 438.7 (481.3) -> 438.7 (482.3) MB, 1.9 / 0 ms [allocation failure].
[16372:000001EE57C303A0]      960 ms: Scavenge 439.6 (482.3) -> 439.6 (483.3) MB, 1.8 / 0 ms [allocation failure].
[16372:000001EE57C303A0]      962 ms: Scavenge 440.7 (483.3) -> 440.7 (484.3) MB, 1.8 / 0 ms [allocation failure].
[16372:000001EE57C303A0]      965 ms: Scavenge 441.6 (484.3) -> 441.6 (485.3) MB, 2.2 / 0 ms [allocation failure].
[16372:000001EE57C303A0]      966 ms: Scavenge 442.6 (485.3) -> 442.6 (486.3) MB, 1.7 / 0 ms [allocation failure].
[16372:000001EE57C303A0]      969 ms: Scavenge 443.6 (486.3) -> 443.6 (487.3) MB, 1.9 / 0 ms [allocation failure].
[16372:000001EE57C303A0]      970 ms: Scavenge 444.6 (487.3) -> 444.6 (488.3) MB, 1.3 / 0 ms [allocation failure].
[16372:000001EE57C303A0]      972 ms: Scavenge 445.5 (488.3) -> 445.5 (489.3) MB, 1.7 / 0 ms [allocation failure].
[16372:000001EE57C303A0]      973 ms: Scavenge 446.6 (489.3) -> 446.6 (490.3) MB, 1.2 / 0 ms [allocation failure].
[16372:000001EE57C303A0]      975 ms: Scavenge 447.5 (490.3) -> 447.5 (491.3) MB, 1.6 / 0 ms [allocation failure].
[16372:000001EE57C303A0]      977 ms: Scavenge 448.5 (491.3) -> 448.5 (492.3) MB, 1.2 / 0 ms [allocation failure].
[16372:000001EE57C303A0]      979 ms: Scavenge 449.5 (492.3) -> 449.5 (493.3) MB, 1.8 / 0 ms [allocation failure].
[16372:000001EE57C303A0]      980 ms: Scavenge 450.5 (493.3) -> 450.5 (494.3) MB, 1.4 / 0 ms [allocation failure].
[16372:000001EE57C303A0]      982 ms: Scavenge 451.4 (494.3) -> 451.4 (495.3) MB, 1.8 / 0 ms [allocation failure].
[16372:000001EE57C303A0]      985 ms: Scavenge 452.5 (495.3) -> 452.5 (496.3) MB, 2.4 / 0 ms [allocation failure].
[16372:000001EE57C303A0]      987 ms: Scavenge 453.4 (496.3) -> 453.4 (497.3) MB, 1.5 / 1 ms [allocation failure].
[16372:000001EE57C303A0]      988 ms: Scavenge 454.4 (497.3) -> 454.4 (498.3) MB, 1.6 / 0 ms [allocation failure].
[16372:000001EE57C303A0]      991 ms: Scavenge 455.4 (498.3) -> 455.4 (499.3) MB, 1.9 / 0 ms [allocation failure].
[16372:000001EE57C303A0]      993 ms: Scavenge 456.4 (499.3) -> 456.4 (500.3) MB, 1.9 / 0 ms [allocation failure].
[16372:000001EE57C303A0]      994 ms: Scavenge 457.3 (500.3) -> 457.3 (501.3) MB, 1.4 / 0 ms [allocation failure].
[16372:000001EE57C303A0]      997 ms: Scavenge 458.4 (501.3) -> 458.4 (502.3) MB, 2.1 / 0 ms [allocation failure].
[16372:000001EE57C303A0]      998 ms: Scavenge 459.3 (502.3) -> 459.3 (503.3) MB, 1.2 / 0 ms [allocation failure].
[16372:000001EE57C303A0]     1000 ms: Scavenge 460.3 (503.3) -> 460.3 (504.3) MB, 1.6 / 0 ms [allocation failure].
[16372:000001EE57C303A0]     1002 ms: Scavenge 461.3 (504.3) -> 461.3 (505.3) MB, 1.5 / 0 ms [allocation failure].
[16372:000001EE57C303A0]     1003 ms: Scavenge 462.3 (505.3) -> 462.3 (506.3) MB, 1.3 / 0 ms [allocation failure].
[16372:000001EE57C303A0]     1005 ms: Scavenge 463.2 (506.3) -> 463.2 (507.3) MB, 1.7 / 0 ms [allocation failure].
[16372:000001EE57C303A0]     1006 ms: Scavenge 464.3 (507.3) -> 464.3 (508.3) MB, 1.3 / 0 ms [allocation failure].
[16372:000001EE57C303A0]     1008 ms: Scavenge 465.2 (508.3) -> 465.2 (509.3) MB, 1.7 / 0 ms [allocation failure].
[16372:000001EE57C303A0]     1010 ms: Scavenge 466.2 (509.3) -> 466.2 (510.3) MB, 1.3 / 0 ms [allocation failure].
[16372:000001EE57C303A0]     1012 ms: Scavenge 467.2 (510.3) -> 467.2 (511.3) MB, 1.8 / 0 ms [allocation failure].
[16372:000001EE57C303A0]     1014 ms: Scavenge 468.2 (511.3) -> 468.2 (512.3) MB, 1.5 / 0 ms [allocation failure].
[16372:000001EE57C303A0]     1016 ms: Scavenge 469.1 (512.3) -> 469.1 (513.3) MB, 2.4 / 0 ms [allocation failure].
[16372:000001EE57C303A0]     1018 ms: Scavenge 470.2 (513.3) -> 470.2 (514.3) MB, 1.8 / 1 ms [allocation failure].
[16372:000001EE57C303A0]     1020 ms: Scavenge 471.1 (514.3) -> 471.1 (515.3) MB, 1.9 / 0 ms [allocation failure].
[16372:000001EE57C303A0]     1022 ms: Scavenge 472.1 (515.3) -> 472.1 (516.3) MB, 1.6 / 0 ms [allocation failure].
[16372:000001EE57C303A0]     1025 ms: Scavenge 473.1 (516.3) -> 473.1 (517.3) MB, 2.1 / 0 ms [allocation failure].
[16372:000001EE57C303A0]     1026 ms: Scavenge 474.1 (517.3) -> 474.1 (518.3) MB, 1.5 / 0 ms [allocation failure].
[16372:000001EE57C303A0]     1028 ms: Scavenge 475.0 (518.3) -> 475.0 (519.3) MB, 1.4 / 0 ms [allocation failure].
[16372:000001EE57C303A0]     1030 ms: Scavenge 476.1 (519.3) -> 476.1 (520.3) MB, 1.9 / 0 ms [allocation failure].
[16372:000001EE57C303A0]     1032 ms: Scavenge 477.0 (520.3) -> 477.0 (521.3) MB, 1.6 / 0 ms [allocation failure].
[16372:000001EE57C303A0]     1035 ms: Scavenge 478.0 (521.3) -> 478.0 (522.3) MB, 3.0 / 0 ms [allocation failure].
[16372:000001EE57C303A0]     1046 ms: Scavenge 485.6 (529.0) -> 485.6 (530.0) MB, 2.9 / 0 ms [allocation failure].
[16372:000001EE57C303A0]     1049 ms: Scavenge 486.6 (530.0) -> 486.6 (531.0) MB, 1.9 / 0 ms [allocation failure].
[16372:000001EE57C303A0]     1050 ms: Scavenge 487.6 (531.0) -> 487.6 (532.0) MB, 1.5 / 0 ms [allocation failure].
[16372:000001EE57C303A0]     1053 ms: Scavenge 488.6 (532.0) -> 488.6 (533.0) MB, 1.9 / 0 ms [allocation failure].
[16372:000001EE57C303A0]     1054 ms: Scavenge 489.5 (533.0) -> 489.5 (534.0) MB, 1.6 / 0 ms [allocation failure].
[16372:000001EE57C303A0]     1057 ms: Scavenge 490.6 (534.0) -> 490.6 (535.0) MB, 1.8 / 0 ms [allocation failure].
[16372:000001EE57C303A0]     1059 ms: Scavenge 491.5 (535.0) -> 491.5 (536.0) MB, 1.8 / 0 ms [allocation failure].
[16372:000001EE57C303A0]     1061 ms: Scavenge 492.5 (536.0) -> 492.5 (537.0) MB, 2.1 / 0 ms [allocation failure].
[16372:000001EE57C303A0]     1063 ms: Scavenge 493.5 (537.0) -> 493.5 (538.0) MB, 2.0 / 0 ms [allocation failure].
[16372:000001EE57C303A0]     1065 ms: Scavenge 494.5 (538.0) -> 494.5 (539.0) MB, 1.9 / 0 ms [allocation failure].
[16372:000001EE57C303A0]     1067 ms: Scavenge 495.4 (539.0) -> 495.4 (540.0) MB, 1.4 / 0 ms [allocation failure].
[16372:000001EE57C303A0]     1069 ms: Scavenge 496.5 (540.0) -> 496.5 (541.0) MB, 1.7 / 0 ms [allocation failure].
[16372:000001EE57C303A0]     1071 ms: Scavenge 497.4 (541.0) -> 497.4 (542.0) MB, 1.8 / 0 ms [allocation failure].
[16372:000001EE57C303A0]     1073 ms: Scavenge 498.4 (542.0) -> 498.4 (543.0) MB, 1.5 / 0 ms [allocation failure].
[16372:000001EE57C303A0]     1075 ms: Scavenge 499.4 (543.0) -> 499.4 (544.0) MB, 1.7 / 0 ms [allocation failure].
[16372:000001EE57C303A0]     1077 ms: Scavenge 500.4 (544.0) -> 500.4 (545.0) MB, 1.8 / 0 ms [allocation failure].
[16372:000001EE57C303A0]     1079 ms: Scavenge 501.3 (545.0) -> 501.3 (546.0) MB, 2.2 / 0 ms [allocation failure].
[16372:000001EE57C303A0]     1081 ms: Scavenge 502.4 (546.0) -> 502.4 (547.0) MB, 2.0 / 0 ms [allocation failure].
[16372:000001EE57C303A0]     1084 ms: Scavenge 503.3 (547.0) -> 503.3 (548.0) MB, 2.1 / 0 ms [allocation failure].
[16372:000001EE57C303A0]     1086 ms: Scavenge 504.3 (548.0) -> 504.3 (549.0) MB, 2.0 / 0 ms [allocation failure].
[16372:000001EE57C303A0]     1088 ms: Scavenge 505.3 (549.0) -> 505.3 (550.0) MB, 2.1 / 0 ms [allocation failure].
[16372:000001EE57C303A0]     1092 ms: Scavenge 506.3 (550.0) -> 506.3 (551.0) MB, 3.0 / 0 ms [allocation failure].
[16372:000001EE57C303A0]     1094 ms: Scavenge 507.2 (551.0) -> 507.2 (552.0) MB, 2.2 / 0 ms [allocation failure].
[16372:000001EE57C303A0]     1097 ms: Scavenge 508.3 (552.0) -> 508.3 (553.0) MB, 2.3 / 0 ms [allocation failure].
[16372:000001EE57C303A0]     1100 ms: Scavenge 509.2 (553.0) -> 509.2 (554.0) MB, 2.2 / 0 ms [allocation failure].
[16372:000001EE57C303A0]     1102 ms: Scavenge 510.2 (554.0) -> 510.2 (555.0) MB, 2.0 / 0 ms [allocation failure].
[16372:000001EE57C303A0]     1104 ms: Scavenge 511.2 (555.0) -> 511.2 (556.0) MB, 2.1 / 0 ms [allocation failure].
[16372:000001EE57C303A0]     1106 ms: Scavenge 512.2 (556.0) -> 512.2 (557.0) MB, 1.7 / 0 ms [allocation failure].
[16372:000001EE57C303A0]     1108 ms: Scavenge 513.1 (557.0) -> 513.1 (558.0) MB, 1.4 / 0 ms [allocation failure].
[16372:000001EE57C303A0]     1110 ms: Scavenge 514.2 (558.0) -> 514.2 (559.0) MB, 2.3 / 0 ms [allocation failure].
[16372:000001EE57C303A0]     1113 ms: Scavenge 515.1 (559.0) -> 515.1 (560.0) MB, 2.0 / 0 ms [allocation failure].
[16372:000001EE57C303A0]     1116 ms: Scavenge 516.1 (560.0) -> 516.1 (561.0) MB, 2.6 / 0 ms [allocation failure].
[16372:000001EE57C303A0]     1120 ms: Scavenge 517.1 (561.0) -> 517.1 (562.0) MB, 3.1 / 0 ms [allocation failure].
[16372:000001EE57C303A0]     1122 ms: Scavenge 518.1 (562.0) -> 518.1 (563.0) MB, 2.1 / 0 ms [allocation failure].
[16372:000001EE57C303A0]     1124 ms: Scavenge 519.0 (563.0) -> 519.0 (564.0) MB, 1.6 / 0 ms [allocation failure].
[16372:000001EE57C303A0]     1126 ms: Scavenge 520.1 (564.0) -> 520.1 (565.0) MB, 2.0 / 0 ms [allocation failure].
[16372:000001EE57C303A0]     1128 ms: Scavenge 521.0 (565.0) -> 521.0 (566.0) MB, 1.4 / 0 ms [allocation failure].
[16372:000001EE57C303A0]     1130 ms: Scavenge 522.0 (566.0) -> 522.0 (567.0) MB, 1.8 / 0 ms [allocation failure].
[16372:000001EE57C303A0]     1132 ms: Scavenge 523.0 (567.0) -> 523.0 (568.0) MB, 1.3 / 0 ms [allocation failure].
[16372:000001EE57C303A0]     1134 ms: Scavenge 524.0 (568.0) -> 524.0 (569.0) MB, 1.7 / 0 ms [allocation failure].
[16372:000001EE57C303A0]     1135 ms: Scavenge 524.9 (569.0) -> 524.9 (570.0) MB, 1.6 / 0 ms [allocation failure].
[16372:000001EE57C303A0]     1138 ms: Scavenge 526.0 (570.0) -> 526.0 (571.0) MB, 1.7 / 0 ms [allocation failure].
[16372:000001EE57C303A0]     1140 ms: Scavenge 526.9 (571.0) -> 526.9 (572.0) MB, 1.3 / 0 ms [allocation failure].
[16372:000001EE57C303A0]     1141 ms: Scavenge 527.9 (572.0) -> 527.9 (573.0) MB, 1.3 / 0 ms [allocation failure].
[16372:000001EE57C303A0]     1143 ms: Scavenge 528.9 (573.0) -> 528.9 (574.0) MB, 1.6 / 0 ms [allocation failure].
[16372:000001EE57C303A0]     1145 ms: Scavenge 529.9 (574.0) -> 529.9 (575.0) MB, 1.5 / 0 ms [allocation failure].
[16372:000001EE57C303A0]     1146 ms: Scavenge 530.8 (575.0) -> 530.8 (576.0) MB, 1.3 / 0 ms [allocation failure].
[16372:000001EE57C303A0]     1148 ms: Scavenge 531.9 (576.0) -> 531.9 (577.0) MB, 1.5 / 0 ms [allocation failure].
[16372:000001EE57C303A0]     1149 ms: Scavenge 532.8 (577.0) -> 532.8 (578.0) MB, 1.5 / 0 ms [allocation failure].
[16372:000001EE57C303A0]     1151 ms: Scavenge 533.8 (578.0) -> 533.8 (579.0) MB, 1.2 / 0 ms [allocation failure].
[16372:000001EE57C303A0]     1153 ms: Scavenge 534.8 (579.0) -> 534.8 (580.0) MB, 1.7 / 0 ms [allocation failure].
[16372:000001EE57C303A0]     1154 ms: Scavenge 535.8 (580.0) -> 535.8 (581.0) MB, 1.3 / 0 ms [allocation failure].
[16372:000001EE57C303A0]     1156 ms: Scavenge 536.7 (581.0) -> 536.7 (582.0) MB, 1.8 / 0 ms [allocation failure].
[16372:000001EE57C303A0]     1159 ms: Scavenge 537.8 (582.0) -> 537.8 (583.0) MB, 2.0 / 0 ms [allocation failure].
[16372:000001EE57C303A0]     1161 ms: Scavenge 538.7 (583.0) -> 538.7 (584.0) MB, 1.8 / 0 ms [allocation failure].
[16372:000001EE57C303A0]     1162 ms: Scavenge 539.7 (584.0) -> 539.7 (585.0) MB, 1.3 / 0 ms [allocation failure].
[16372:000001EE57C303A0]     1164 ms: Scavenge 540.7 (585.0) -> 540.7 (586.0) MB, 1.6 / 0 ms [allocation failure].
[16372:000001EE57C303A0]     1166 ms: Scavenge 541.7 (586.0) -> 541.7 (587.0) MB, 1.3 / 0 ms [allocation failure].
[16372:000001EE57C303A0]     1168 ms: Scavenge 542.6 (587.0) -> 542.6 (588.0) MB, 1.7 / 0 ms [allocation failure].
[16372:000001EE57C303A0]     1169 ms: Scavenge 543.7 (588.0) -> 543.7 (589.0) MB, 1.3 / 0 ms [allocation failure].
[16372:000001EE57C303A0]     1171 ms: Scavenge 544.6 (589.0) -> 544.6 (590.0) MB, 1.4 / 0 ms [allocation failure].
[16372:000001EE57C303A0]     1172 ms: Scavenge 545.6 (590.0) -> 545.6 (591.0) MB, 1.5 / 0 ms [allocation failure].
[16372:000001EE57C303A0]     1174 ms: Scavenge 546.6 (591.0) -> 546.6 (592.0) MB, 1.6 / 0 ms [allocation failure].
[16372:000001EE57C303A0]     1176 ms: Scavenge 547.6 (592.0) -> 547.6 (593.0) MB, 1.3 / 0 ms [allocation failure].
[16372:000001EE57C303A0]     1178 ms: Scavenge 548.5 (593.0) -> 548.5 (594.0) MB, 1.9 / 0 ms [allocation failure].
[16372:000001EE57C303A0]     1180 ms: Scavenge 549.6 (594.0) -> 549.6 (595.0) MB, 1.9 / 0 ms [allocation failure].
[16372:000001EE57C303A0]     1182 ms: Scavenge 550.5 (595.0) -> 550.5 (596.0) MB, 1.6 / 0 ms [allocation failure].
[16372:000001EE57C303A0]     1183 ms: Scavenge 551.5 (596.0) -> 551.5 (597.0) MB, 1.2 / 0 ms [allocation failure].
[16372:000001EE57C303A0]     1186 ms: Scavenge 552.5 (597.0) -> 552.5 (598.0) MB, 2.5 / 0 ms [allocation failure].
[16372:000001EE57C303A0]     1188 ms: Scavenge 553.5 (598.0) -> 553.5 (599.0) MB, 1.6 / 0 ms [allocation failure].
[16372:000001EE57C303A0]     1190 ms: Scavenge 554.4 (599.0) -> 554.4 (600.0) MB, 1.8 / 0 ms [allocation failure].
[16372:000001EE57C303A0]     1192 ms: Scavenge 555.5 (600.0) -> 555.5 (601.0) MB, 1.9 / 0 ms [allocation failure].
[16372:000001EE57C303A0]     1195 ms: Scavenge 556.4 (601.0) -> 556.4 (602.0) MB, 2.2 / 0 ms [allocation failure].
[16372:000001EE57C303A0]     1196 ms: Scavenge 557.4 (602.0) -> 557.4 (603.0) MB, 1.6 / 0 ms [allocation failure].
[16372:000001EE57C303A0]     1198 ms: Scavenge 558.4 (603.0) -> 558.4 (604.0) MB, 1.7 / 0 ms [allocation failure].
[16372:000001EE57C303A0]     1200 ms: Scavenge 559.4 (604.0) -> 559.4 (605.0) MB, 1.8 / 0 ms [allocation failure].
[16372:000001EE57C303A0]     1203 ms: Scavenge 560.3 (605.0) -> 560.3 (606.0) MB, 1.9 / 0 ms [allocation failure].
[16372:000001EE57C303A0]     1205 ms: Scavenge 561.4 (606.0) -> 561.4 (607.0) MB, 1.7 / 0 ms [allocation failure].
[16372:000001EE57C303A0]     1206 ms: Scavenge 562.3 (607.0) -> 562.3 (608.0) MB, 1.3 / 0 ms [allocation failure].
[16372:000001EE57C303A0]     1208 ms: Scavenge 563.3 (608.0) -> 563.3 (609.0) MB, 1.7 / 0 ms [allocation failure].
[16372:000001EE57C303A0]     1209 ms: Scavenge 564.3 (609.0) -> 564.3 (610.0) MB, 1.2 / 0 ms [allocation failure].
[16372:000001EE57C303A0]     1211 ms: Scavenge 565.3 (610.0) -> 565.3 (611.0) MB, 1.2 / 0 ms [allocation failure].
[16372:000001EE57C303A0]     1213 ms: Scavenge 566.2 (611.0) -> 566.2 (612.0) MB, 1.7 / 0 ms [allocation failure].
[16372:000001EE57C303A0]     1214 ms: Scavenge 567.3 (612.0) -> 567.3 (613.0) MB, 1.3 / 0 ms [allocation failure].
[16372:000001EE57C303A0]     1216 ms: Scavenge 568.2 (613.0) -> 568.2 (614.0) MB, 1.7 / 0 ms [allocation failure].
[16372:000001EE57C303A0]     1219 ms: Scavenge 569.2 (614.0) -> 569.2 (615.0) MB, 2.6 / 0 ms [allocation failure].
[16372:000001EE57C303A0]     1221 ms: Scavenge 570.2 (615.0) -> 570.2 (616.0) MB, 1.7 / 0 ms [allocation failure].
[16372:000001EE57C303A0]     1223 ms: Scavenge 571.2 (616.0) -> 571.2 (617.0) MB, 1.3 / 0 ms [allocation failure].
[16372:000001EE57C303A0]     1224 ms: Scavenge 572.1 (617.0) -> 572.1 (618.0) MB, 1.6 / 0 ms [allocation failure].
[16372:000001EE57C303A0]     1227 ms: Scavenge 573.2 (618.0) -> 573.2 (619.0) MB, 1.6 / 0 ms [allocation failure].
[16372:000001EE57C303A0]     1228 ms: Scavenge 574.1 (619.0) -> 574.1 (620.0) MB, 1.4 / 0 ms [allocation failure].
[16372:000001EE57C303A0]     1231 ms: Scavenge 575.1 (620.0) -> 575.1 (621.0) MB, 2.4 / 0 ms [allocation failure].
[16372:000001EE57C303A0]     1233 ms: Scavenge 576.1 (621.0) -> 576.1 (622.0) MB, 1.7 / 0 ms [allocation failure].
[16372:000001EE57C303A0]     1235 ms: Scavenge 577.1 (622.0) -> 577.1 (623.0) MB, 2.1 / 0 ms [allocation failure].
[16372:000001EE57C303A0]     1237 ms: Scavenge 578.0 (623.0) -> 578.0 (624.0) MB, 1.7 / 0 ms [allocation failure].
[16372:000001EE57C303A0]     1239 ms: Scavenge 579.1 (624.0) -> 579.1 (625.0) MB, 1.4 / 0 ms [allocation failure].
[16372:000001EE57C303A0]     1240 ms: Scavenge 580.0 (625.0) -> 580.0 (626.0) MB, 1.4 / 0 ms [allocation failure].
[16372:000001EE57C303A0]     1242 ms: Scavenge 581.0 (626.0) -> 581.0 (627.0) MB, 1.7 / 0 ms [allocation failure].
[16372:000001EE57C303A0]     1244 ms: Scavenge 582.0 (627.0) -> 582.0 (628.0) MB, 2.1 / 0 ms [allocation failure].
[16372:000001EE57C303A0]     1247 ms: Scavenge 583.0 (628.0) -> 583.0 (629.0) MB, 1.8 / 0 ms [allocation failure].
[16372:000001EE57C303A0]     1249 ms: Scavenge 583.9 (629.0) -> 583.9 (630.0) MB, 2.4 / 0 ms [allocation failure].
[16372:000001EE57C303A0]     1252 ms: Scavenge 585.0 (630.0) -> 585.0 (631.0) MB, 2.8 / 0 ms [allocation failure].
[16372:000001EE57C303A0]     1255 ms: Scavenge 585.9 (631.0) -> 585.9 (632.0) MB, 2.0 / 0 ms [allocation failure].
[16372:000001EE57C303A0]     1256 ms: Scavenge 586.9 (632.0) -> 586.9 (633.0) MB, 1.5 / 0 ms [allocation failure].
[16372:000001EE57C303A0]     1258 ms: Scavenge 587.9 (633.0) -> 587.9 (634.0) MB, 1.6 / 0 ms [allocation failure].
[16372:000001EE57C303A0]     1260 ms: Scavenge 588.9 (634.0) -> 588.9 (635.0) MB, 1.5 / 0 ms [allocation failure].
[16372:000001EE57C303A0]     1262 ms: Scavenge 589.8 (635.0) -> 589.8 (636.0) MB, 1.5 / 0 ms [allocation failure].
[16372:000001EE57C303A0]     1264 ms: Scavenge 590.9 (636.0) -> 590.9 (637.0) MB, 1.8 / 0 ms [allocation failure].
[16372:000001EE57C303A0]     1266 ms: Scavenge 591.8 (637.0) -> 591.8 (638.0) MB, 1.7 / 0 ms [allocation failure].
[16372:000001EE57C303A0]     1268 ms: Scavenge 592.8 (638.0) -> 592.8 (639.0) MB, 1.7 / 0 ms [allocation failure].
[16372:000001EE57C303A0]     1271 ms: Scavenge 593.8 (639.0) -> 593.8 (640.0) MB, 2.0 / 0 ms [allocation failure].
[16372:000001EE57C303A0]     1272 ms: Scavenge 594.8 (640.0) -> 594.8 (641.0) MB, 1.4 / 0 ms [allocation failure].
[16372:000001EE57C303A0]     1275 ms: Scavenge 595.7 (641.0) -> 595.7 (642.0) MB, 1.9 / 0 ms [allocation failure].
[16372:000001EE57C303A0]     1277 ms: Scavenge 596.8 (642.0) -> 596.8 (643.0) MB, 1.9 / 0 ms [allocation failure].
[16372:000001EE57C303A0]     1279 ms: Scavenge 597.7 (643.0) -> 597.7 (644.0) MB, 2.0 / 0 ms [allocation failure].
[16372:000001EE57C303A0]     1282 ms: Scavenge 598.7 (644.0) -> 598.7 (645.0) MB, 2.1 / 0 ms [allocation failure].
[16372:000001EE57C303A0]     1284 ms: Scavenge 599.7 (645.0) -> 599.7 (646.0) MB, 1.9 / 0 ms [allocation failure].
[16372:000001EE57C303A0]     1286 ms: Scavenge 600.7 (646.0) -> 600.7 (647.0) MB, 1.6 / 0 ms [allocation failure].
[16372:000001EE57C303A0]     1288 ms: Scavenge 601.6 (647.0) -> 601.6 (648.0) MB, 2.1 / 0 ms [allocation failure].
[16372:000001EE57C303A0]     1290 ms: Scavenge 602.7 (648.0) -> 602.7 (649.0) MB, 1.6 / 0 ms [allocation failure].
[16372:000001EE57C303A0]     1292 ms: Scavenge 603.6 (649.0) -> 603.6 (650.0) MB, 1.8 / 0 ms [allocation failure].
[16372:000001EE57C303A0]     1294 ms: Scavenge 604.6 (650.0) -> 604.6 (651.0) MB, 1.5 / 0 ms [allocation failure].
[16372:000001EE57C303A0]     1297 ms: Scavenge 605.6 (651.0) -> 605.6 (652.0) MB, 3.2 / 0 ms [allocation failure].
[16372:000001EE57C303A0]     1299 ms: Scavenge 606.6 (652.0) -> 606.6 (653.0) MB, 2.1 / 0 ms [allocation failure].
[16372:000001EE57C303A0]     1303 ms: Scavenge 607.5 (653.0) -> 607.5 (654.0) MB, 3.3 / 0 ms [allocation failure].
[16372:000001EE57C303A0]     1305 ms: Scavenge 608.6 (654.0) -> 608.6 (655.0) MB, 1.6 / 0 ms [allocation failure].
[16372:000001EE57C303A0]     1307 ms: Scavenge 609.5 (655.0) -> 609.5 (656.0) MB, 2.0 / 0 ms [allocation failure].
[16372:000001EE57C303A0]     1309 ms: Scavenge 610.5 (656.0) -> 610.5 (657.0) MB, 1.8 / 0 ms [allocation failure].
[16372:000001EE57C303A0]     1311 ms: Scavenge 611.5 (657.0) -> 611.5 (658.0) MB, 2.0 / 0 ms [allocation failure].
[16372:000001EE57C303A0]     1313 ms: Scavenge 612.5 (658.0) -> 612.5 (659.0) MB, 1.7 / 0 ms [allocation failure].
[16372:000001EE57C303A0]     1315 ms: Scavenge 613.4 (659.0) -> 613.4 (660.0) MB, 1.8 / 0 ms [allocation failure].
[16372:000001EE57C303A0]     1429 ms: Scavenge 614.5 (660.0) -> 614.5 (661.0) MB, 1.6 / 0 ms [allocation failure].
[16372:000001EE57C303A0]     1431 ms: Scavenge 615.4 (661.0) -> 615.4 (662.0) MB, 1.3 / 0 ms [allocation failure].
[16372:000001EE57C303A0]     1433 ms: Scavenge 616.4 (662.0) -> 616.4 (663.0) MB, 1.6 / 0 ms [allocation failure].
[16372:000001EE57C303A0]     1435 ms: Scavenge 617.4 (663.0) -> 617.4 (664.0) MB, 2.1 / 0 ms [allocation failure].
[16372:000001EE57C303A0]     1437 ms: Scavenge 618.4 (664.0) -> 618.4 (665.0) MB, 1.4 / 0 ms [allocation failure].
[16372:000001EE57C303A0]     1438 ms: Scavenge 619.3 (665.0) -> 619.3 (666.0) MB, 1.3 / 0 ms [allocation failure].
[16372:000001EE57C303A0]     1440 ms: Scavenge 620.4 (666.0) -> 620.4 (667.0) MB, 1.7 / 0 ms [allocation failure].
[16372:000001EE57C303A0]     1442 ms: Scavenge 621.3 (667.0) -> 621.3 (668.0) MB, 1.4 / 0 ms [allocation failure].
[16372:000001EE57C303A0]     1443 ms: Scavenge 622.3 (668.0) -> 622.3 (669.0) MB, 1.5 / 0 ms [allocation failure].
[16372:000001EE57C303A0]     1445 ms: Scavenge 623.3 (669.0) -> 623.3 (670.0) MB, 1.3 / 0 ms [allocation failure].
[16372:000001EE57C303A0]     1447 ms: Scavenge 624.3 (670.0) -> 624.3 (671.0) MB, 1.7 / 0 ms [allocation failure].
[16372:000001EE57C303A0]     1448 ms: Scavenge 625.2 (671.0) -> 625.2 (672.0) MB, 1.3 / 0 ms [allocation failure].
[16372:000001EE57C303A0]     1450 ms: Scavenge 626.3 (672.0) -> 626.3 (673.0) MB, 1.8 / 0 ms [allocation failure].
[16372:000001EE57C303A0]     1453 ms: Scavenge 627.2 (673.0) -> 627.2 (674.0) MB, 2.3 / 0 ms [allocation failure].
[16372:000001EE57C303A0]     1455 ms: Scavenge 628.2 (674.0) -> 628.2 (675.0) MB, 2.3 / 0 ms [allocation failure].
[16372:000001EE57C303A0]     1457 ms: Scavenge 629.2 (675.0) -> 629.2 (676.0) MB, 1.6 / 0 ms [allocation failure].
[16372:000001EE57C303A0]     1459 ms: Scavenge 630.2 (676.0) -> 630.2 (677.0) MB, 1.7 / 0 ms [allocation failure].
[16372:000001EE57C303A0]     1461 ms: Scavenge 631.1 (677.0) -> 631.1 (678.0) MB, 1.8 / 0 ms [allocation failure].
[16372:000001EE57C303A0]     1463 ms: Scavenge 632.2 (678.0) -> 632.2 (679.0) MB, 1.4 / 0 ms [allocation failure].
[16372:000001EE57C303A0]     1464 ms: Scavenge 633.1 (679.0) -> 633.1 (680.0) MB, 1.4 / 0 ms [allocation failure].
[16372:000001EE57C303A0]     1466 ms: Scavenge 634.1 (680.0) -> 634.1 (681.0) MB, 1.8 / 0 ms [allocation failure].
[16372:000001EE57C303A0]     1468 ms: Scavenge 635.1 (681.0) -> 635.1 (682.0) MB, 1.6 / 0 ms [allocation failure].
[16372:000001EE57C303A0]     1470 ms: Scavenge 636.1 (682.0) -> 636.1 (683.0) MB, 1.5 / 0 ms [allocation failure].
[16372:000001EE57C303A0]     1472 ms: Scavenge 637.0 (683.0) -> 637.0 (684.0) MB, 1.3 / 0 ms [allocation failure].
[16372:000001EE57C303A0]     1474 ms: Scavenge 638.1 (684.0) -> 638.1 (685.0) MB, 1.6 / 0 ms [allocation failure].
[16372:000001EE57C303A0]     1475 ms: Scavenge 639.0 (685.0) -> 639.0 (686.0) MB, 1.3 / 0 ms [allocation failure].
[16372:000001EE57C303A0]     1477 ms: Scavenge 640.0 (686.0) -> 640.0 (687.0) MB, 1.6 / 0 ms [allocation failure].
[16372:000001EE57C303A0]     1478 ms: Scavenge 641.0 (687.0) -> 641.0 (688.0) MB, 1.4 / 0 ms [allocation failure].
[16372:000001EE57C303A0]     1480 ms: Scavenge 642.0 (688.0) -> 642.0 (689.0) MB, 1.6 / 0 ms [allocation failure].
[16372:000001EE57C303A0]     1482 ms: Scavenge 642.9 (689.0) -> 642.9 (690.0) MB, 1.3 / 0 ms [allocation failure].
[16372:000001EE57C303A0]     1484 ms: Scavenge 644.0 (690.0) -> 644.0 (691.0) MB, 1.6 / 0 ms [allocation failure].
[16372:000001EE57C303A0]     1486 ms: Scavenge 644.9 (691.0) -> 644.9 (692.0) MB, 2.3 / 0 ms [allocation failure].
[16372:000001EE57C303A0]     1488 ms: Scavenge 645.9 (692.0) -> 645.9 (693.0) MB, 1.4 / 0 ms [allocation failure].
[16372:000001EE57C303A0]     1490 ms: Scavenge 646.9 (693.0) -> 646.9 (694.0) MB, 1.6 / 0 ms [allocation failure].
[16372:000001EE57C303A0]     1491 ms: Scavenge 647.9 (694.0) -> 647.9 (695.0) MB, 1.3 / 0 ms [allocation failure].
[16372:000001EE57C303A0]     1493 ms: Scavenge 648.9 (695.0) -> 648.8 (696.0) MB, 1.5 / 0 ms [allocation failure].
[16372:000001EE57C303A0]     1494 ms: Scavenge 649.9 (696.0) -> 649.9 (697.0) MB, 1.3 / 0 ms [allocation failure].
[16372:000001EE57C303A0]     1496 ms: Scavenge 650.8 (697.0) -> 650.8 (698.0) MB, 1.9 / 0 ms [allocation failure].
[16372:000001EE57C303A0]     1498 ms: Scavenge 651.8 (698.0) -> 651.8 (699.0) MB, 1.7 / 0 ms [allocation failure].
[16372:000001EE57C303A0]     1500 ms: Scavenge 652.8 (699.0) -> 652.8 (700.0) MB, 1.7 / 0 ms [allocation failure].
[16372:000001EE57C303A0]     1502 ms: Scavenge 653.8 (700.0) -> 653.8 (701.0) MB, 1.5 / 0 ms [allocation failure].
[16372:000001EE57C303A0]     1504 ms: Scavenge 654.8 (701.0) -> 654.8 (702.0) MB, 1.7 / 0 ms [allocation failure].
[16372:000001EE57C303A0]     1505 ms: Scavenge 655.8 (702.0) -> 655.8 (703.0) MB, 1.3 / 0 ms [allocation failure].
[16372:000001EE57C303A0]     1507 ms: Scavenge 656.7 (703.0) -> 656.7 (704.0) MB, 1.3 / 0 ms [allocation failure].
[16372:000001EE57C303A0]     1508 ms: Scavenge 657.7 (704.0) -> 657.7 (705.0) MB, 1.5 / 0 ms [allocation failure].
[16372:000001EE57C303A0]     1510 ms: Scavenge 658.7 (705.0) -> 658.7 (706.0) MB, 1.3 / 0 ms [allocation failure].
[16372:000001EE57C303A0]     1512 ms: Scavenge 659.7 (706.0) -> 659.7 (707.0) MB, 2.1 / 0 ms [allocation failure].
[16372:000001EE57C303A0]     1514 ms: Scavenge 660.7 (707.0) -> 660.7 (708.0) MB, 1.4 / 0 ms [allocation failure].
[16372:000001EE57C303A0]     1516 ms: Scavenge 661.7 (708.0) -> 661.7 (709.0) MB, 1.6 / 0 ms [allocation failure].
[16372:000001EE57C303A0]     1517 ms: Scavenge 662.6 (709.0) -> 662.6 (710.0) MB, 1.3 / 0 ms [allocation failure].
[16372:000001EE57C303A0]     1519 ms: Scavenge 663.6 (710.0) -> 663.6 (711.0) MB, 2.1 / 0 ms [allocation failure].
[16372:000001EE57C303A0]     1521 ms: Scavenge 664.6 (711.0) -> 664.6 (712.0) MB, 1.3 / 0 ms [allocation failure].
[16372:000001EE57C303A0]     1523 ms: Scavenge 665.6 (712.0) -> 665.6 (713.0) MB, 1.6 / 0 ms [allocation failure].
[16372:000001EE57C303A0]     1525 ms: Scavenge 666.6 (713.0) -> 666.6 (714.0) MB, 1.7 / 0 ms [allocation failure].
[16372:000001EE57C303A0]     1526 ms: Scavenge 667.6 (714.0) -> 667.6 (715.0) MB, 1.4 / 0 ms [allocation failure].
[16372:000001EE57C303A0]     1528 ms: Scavenge 668.5 (715.0) -> 668.5 (716.0) MB, 1.5 / 0 ms [allocation failure].
[16372:000001EE57C303A0]     1530 ms: Scavenge 669.5 (716.0) -> 669.5 (717.0) MB, 1.5 / 0 ms [allocation failure].
[16372:000001EE57C303A0]     1532 ms: Scavenge 670.5 (717.0) -> 670.5 (718.0) MB, 2.1 / 0 ms [allocation failure].
[16372:000001EE57C303A0]     1534 ms: Scavenge 671.5 (718.0) -> 671.5 (719.0) MB, 1.4 / 0 ms [allocation failure].
[16372:000001EE57C303A0]     1536 ms: Scavenge 672.5 (719.0) -> 672.5 (720.0) MB, 1.9 / 0 ms [allocation failure].
[16372:000001EE57C303A0]     1537 ms: Scavenge 673.5 (720.0) -> 673.5 (721.0) MB, 1.3 / 0 ms [allocation failure].
[16372:000001EE57C303A0]     1539 ms: Scavenge 674.4 (721.0) -> 674.4 (722.0) MB, 1.8 / 0 ms [allocation failure].
[16372:000001EE57C303A0]     1541 ms: Scavenge 675.4 (722.0) -> 675.4 (723.0) MB, 1.7 / 0 ms [allocation failure].
[16372:000001EE57C303A0]     1543 ms: Scavenge 676.4 (723.0) -> 676.4 (724.0) MB, 2.0 / 0 ms [allocation failure].
[16372:000001EE57C303A0]     1545 ms: Scavenge 677.4 (724.0) -> 677.4 (725.0) MB, 1.7 / 0 ms [allocation failure].
[16372:000001EE57C303A0]     1548 ms: Scavenge 678.4 (725.0) -> 678.4 (726.0) MB, 2.2 / 0 ms [allocation failure].
[16372:000001EE57C303A0]     1549 ms: Scavenge 679.4 (726.0) -> 679.4 (727.0) MB, 1.6 / 0 ms [allocation failure].
[16372:000001EE57C303A0]     1551 ms: Scavenge 680.3 (727.0) -> 680.3 (728.0) MB, 1.8 / 0 ms [allocation failure].
[16372:000001EE57C303A0]     1553 ms: Scavenge 681.3 (728.0) -> 681.3 (729.0) MB, 1.4 / 0 ms [allocation failure].
[16372:000001EE57C303A0]     1555 ms: Scavenge 682.3 (729.0) -> 682.3 (730.0) MB, 1.7 / 0 ms [allocation failure].
[16372:000001EE57C303A0]     1557 ms: Scavenge 683.3 (730.0) -> 683.3 (731.0) MB, 1.4 / 0 ms [allocation failure].
[16372:000001EE57C303A0]     1559 ms: Scavenge 684.3 (731.0) -> 684.3 (732.0) MB, 2.3 / 0 ms [allocation failure].
[16372:000001EE57C303A0]     1561 ms: Scavenge 685.3 (732.0) -> 685.3 (733.0) MB, 1.3 / 0 ms [allocation failure].
[16372:000001EE57C303A0]     1563 ms: Scavenge 686.2 (733.0) -> 686.2 (734.0) MB, 1.9 / 0 ms [allocation failure].
[16372:000001EE57C303A0]     1565 ms: Scavenge 687.2 (734.0) -> 687.2 (735.0) MB, 1.7 / 0 ms [allocation failure].
[16372:000001EE57C303A0]     1567 ms: Scavenge 688.2 (735.0) -> 688.2 (736.0) MB, 1.4 / 0 ms [allocation failure].
[16372:000001EE57C303A0]     1569 ms: Scavenge 689.2 (736.0) -> 689.2 (737.0) MB, 1.9 / 0 ms [allocation failure].
[16372:000001EE57C303A0]     1570 ms: Scavenge 690.2 (737.0) -> 690.2 (738.0) MB, 1.4 / 0 ms [allocation failure].
[16372:000001EE57C303A0]     1572 ms: Scavenge 691.2 (738.0) -> 691.2 (739.0) MB, 1.7 / 0 ms [allocation failure].
[16372:000001EE57C303A0]     1574 ms: Scavenge 692.1 (739.0) -> 692.1 (740.0) MB, 1.3 / 0 ms [allocation failure].
[16372:000001EE57C303A0]     1576 ms: Scavenge 693.1 (740.0) -> 693.1 (741.0) MB, 1.6 / 0 ms [allocation failure].
[16372:000001EE57C303A0]     1577 ms: Scavenge 694.1 (741.0) -> 694.1 (742.0) MB, 1.3 / 0 ms [allocation failure].
[16372:000001EE57C303A0]     1580 ms: Scavenge 695.1 (742.0) -> 695.1 (743.0) MB, 2.5 / 0 ms [allocation failure].
[16372:000001EE57C303A0]     1582 ms: Scavenge 696.1 (743.0) -> 696.1 (744.0) MB, 1.7 / 0 ms [allocation failure].
[16372:000001EE57C303A0]     1583 ms: Scavenge 697.1 (744.0) -> 697.1 (745.0) MB, 1.3 / 0 ms [allocation failure].
[16372:000001EE57C303A0]     1585 ms: Scavenge 698.0 (745.0) -> 698.0 (746.0) MB, 1.8 / 0 ms [allocation failure].
[16372:000001EE57C303A0]     1588 ms: Scavenge 699.0 (746.0) -> 699.0 (747.0) MB, 2.0 / 0 ms [allocation failure].
[16372:000001EE57C303A0]     1590 ms: Scavenge 700.0 (747.0) -> 700.0 (748.0) MB, 1.6 / 0 ms [allocation failure].
[16372:000001EE57C303A0]     1591 ms: Scavenge 701.0 (748.0) -> 701.0 (749.0) MB, 1.6 / 0 ms [allocation failure].
[16372:000001EE57C303A0]     1593 ms: Scavenge 702.0 (749.0) -> 702.0 (750.0) MB, 1.3 / 0 ms [allocation failure].
[16372:000001EE57C303A0]     1595 ms: Scavenge 703.0 (750.0) -> 703.0 (751.0) MB, 1.6 / 0 ms [allocation failure].
[16372:000001EE57C303A0]     1596 ms: Scavenge 703.9 (751.0) -> 703.9 (752.0) MB, 1.6 / 0 ms [allocation failure].
[16372:000001EE57C303A0]     1598 ms: Scavenge 704.9 (752.0) -> 704.9 (753.0) MB, 1.6 / 0 ms [allocation failure].
[16372:000001EE57C303A0]     1600 ms: Scavenge 705.9 (753.0) -> 705.9 (754.0) MB, 1.3 / 0 ms [allocation failure].
[16372:000001EE57C303A0]     1602 ms: Scavenge 706.9 (754.0) -> 706.9 (755.0) MB, 1.9 / 0 ms [allocation failure].
[16372:000001EE57C303A0]     1604 ms: Scavenge 707.9 (755.0) -> 707.9 (756.0) MB, 1.7 / 0 ms [allocation failure].
[16372:000001EE57C303A0]     1605 ms: Scavenge 708.9 (756.0) -> 708.9 (757.0) MB, 1.3 / 0 ms [allocation failure].
[16372:000001EE57C303A0]     1608 ms: Scavenge 709.8 (757.0) -> 709.8 (758.0) MB, 2.1 / 0 ms [allocation failure].
[16372:000001EE57C303A0]     1610 ms: Scavenge 710.8 (758.0) -> 710.8 (759.0) MB, 2.1 / 0 ms [allocation failure].
[16372:000001EE57C303A0]     1612 ms: Scavenge 711.8 (759.0) -> 711.8 (760.0) MB, 1.5 / 0 ms [allocation failure].
[16372:000001EE57C303A0]     1614 ms: Scavenge 712.8 (760.0) -> 712.8 (761.0) MB, 1.7 / 0 ms [allocation failure].
[16372:000001EE57C303A0]     1615 ms: Scavenge 713.8 (761.0) -> 713.8 (762.0) MB, 1.6 / 0 ms [allocation failure].
[16372:000001EE57C303A0]     1617 ms: Scavenge 714.8 (762.0) -> 714.8 (763.0) MB, 1.3 / 0 ms [allocation failure].
[16372:000001EE57C303A0]     1619 ms: Scavenge 715.7 (763.0) -> 715.7 (764.0) MB, 1.5 / 0 ms [allocation failure].
[16372:000001EE57C303A0]     1621 ms: Scavenge 716.7 (764.0) -> 716.7 (765.0) MB, 1.8 / 0 ms [allocation failure].
[16372:000001EE57C303A0]     1622 ms: Scavenge 717.7 (765.0) -> 717.7 (766.0) MB, 1.4 / 0 ms [allocation failure].
[16372:000001EE57C303A0]     1624 ms: Scavenge 718.7 (766.0) -> 718.7 (767.0) MB, 2.0 / 0 ms [allocation failure].
[16372:000001EE57C303A0]     1626 ms: Scavenge 719.7 (767.0) -> 719.7 (768.0) MB, 1.4 / 0 ms [allocation failure].
[16372:000001EE57C303A0]     1640 ms: Scavenge 730.6 (778.0) -> 730.6 (779.0) MB, 3.1 / 0 ms [allocation failure].
[16372:000001EE57C303A0]     1642 ms: Scavenge 731.6 (779.0) -> 731.6 (780.0) MB, 1.3 / 0 ms [allocation failure].
[16372:000001EE57C303A0]     1643 ms: Scavenge 732.6 (780.0) -> 732.6 (781.0) MB, 1.3 / 0 ms [allocation failure].
[16372:000001EE57C303A0]     1646 ms: Scavenge 733.5 (781.0) -> 733.5 (782.0) MB, 2.1 / 0 ms [allocation failure].
[16372:000001EE57C303A0]     1648 ms: Scavenge 734.6 (782.0) -> 734.6 (783.0) MB, 1.6 / 0 ms [allocation failure].
[16372:000001EE57C303A0]     1650 ms: Scavenge 735.5 (783.0) -> 735.5 (784.0) MB, 1.7 / 0 ms [allocation failure].
[16372:000001EE57C303A0]     1651 ms: Scavenge 736.5 (784.0) -> 736.5 (785.0) MB, 1.8 / 0 ms [allocation failure].
[16372:000001EE57C303A0]     1653 ms: Scavenge 737.5 (785.0) -> 737.5 (786.0) MB, 1.6 / 0 ms [allocation failure].
[16372:000001EE57C303A0]     1655 ms: Scavenge 738.5 (786.0) -> 738.5 (787.0) MB, 1.6 / 0 ms [allocation failure].
[16372:000001EE57C303A0]     1657 ms: Scavenge 739.4 (787.0) -> 739.4 (788.0) MB, 1.3 / 0 ms [allocation failure].
[16372:000001EE57C303A0]     1658 ms: Scavenge 740.5 (788.0) -> 740.5 (789.0) MB, 1.5 / 0 ms [allocation failure].
[16372:000001EE57C303A0]     1660 ms: Scavenge 741.4 (789.0) -> 741.4 (790.0) MB, 1.4 / 0 ms [allocation failure].
[16372:000001EE57C303A0]     1662 ms: Scavenge 742.4 (790.0) -> 742.4 (791.0) MB, 1.6 / 0 ms [allocation failure].
[16372:000001EE57C303A0]     1663 ms: Scavenge 743.4 (791.0) -> 743.4 (792.0) MB, 1.4 / 0 ms [allocation failure].
[16372:000001EE57C303A0]     1665 ms: Scavenge 744.4 (792.0) -> 744.4 (793.0) MB, 1.3 / 0 ms [allocation failure].
[16372:000001EE57C303A0]     1666 ms: Scavenge 745.3 (793.0) -> 745.3 (794.0) MB, 1.5 / 0 ms [allocation failure].
[16372:000001EE57C303A0]     1669 ms: Scavenge 746.4 (794.0) -> 746.4 (795.0) MB, 2.1 / 0 ms [allocation failure].
[16372:000001EE57C303A0]     1670 ms: Scavenge 747.3 (795.0) -> 747.3 (796.0) MB, 1.4 / 0 ms [allocation failure].
[16372:000001EE57C303A0]     1672 ms: Scavenge 748.3 (796.0) -> 748.3 (797.0) MB, 1.6 / 0 ms [allocation failure].
[16372:000001EE57C303A0]     1674 ms: Scavenge 749.3 (797.0) -> 749.3 (798.0) MB, 1.6 / 0 ms [allocation failure].
[16372:000001EE57C303A0]     1676 ms: Scavenge 750.3 (798.0) -> 750.3 (799.0) MB, 1.6 / 0 ms [allocation failure].
[16372:000001EE57C303A0]     1677 ms: Scavenge 751.2 (799.0) -> 751.2 (800.0) MB, 1.3 / 0 ms [allocation failure].
[16372:000001EE57C303A0]     1679 ms: Scavenge 752.3 (800.0) -> 752.3 (801.0) MB, 1.7 / 0 ms [allocation failure].
[16372:000001EE57C303A0]     1681 ms: Scavenge 753.2 (801.0) -> 753.2 (802.0) MB, 1.4 / 0 ms [allocation failure].
[16372:000001EE57C303A0]     1682 ms: Scavenge 754.2 (802.0) -> 754.2 (803.0) MB, 1.3 / 0 ms [allocation failure].
[16372:000001EE57C303A0]     1684 ms: Scavenge 755.2 (803.0) -> 755.2 (804.0) MB, 1.9 / 0 ms [allocation failure].
[16372:000001EE57C303A0]     1686 ms: Scavenge 756.2 (804.0) -> 756.2 (805.0) MB, 1.6 / 0 ms [allocation failure].
[16372:000001EE57C303A0]     1688 ms: Scavenge 757.1 (805.0) -> 757.1 (806.0) MB, 1.3 / 0 ms [allocation failure].
[16372:000001EE57C303A0]     1689 ms: Scavenge 758.2 (806.0) -> 758.2 (807.0) MB, 1.3 / 0 ms [allocation failure].
[16372:000001EE57C303A0]     1691 ms: Scavenge 759.1 (807.0) -> 759.1 (808.0) MB, 1.6 / 0 ms [allocation failure].
[16372:000001EE57C303A0]     1693 ms: Scavenge 760.1 (808.0) -> 760.1 (809.0) MB, 1.6 / 0 ms [allocation failure].
[16372:000001EE57C303A0]     1694 ms: Scavenge 761.1 (809.0) -> 761.1 (810.0) MB, 1.4 / 0 ms [allocation failure].
[16372:000001EE57C303A0]     1696 ms: Scavenge 762.1 (810.0) -> 762.1 (811.0) MB, 1.4 / 0 ms [allocation failure].
[16372:000001EE57C303A0]     1698 ms: Scavenge 763.0 (811.0) -> 763.0 (812.0) MB, 1.8 / 0 ms [allocation failure].
[16372:000001EE57C303A0]     1700 ms: Scavenge 764.1 (812.0) -> 764.1 (813.0) MB, 2.1 / 0 ms [allocation failure].
[16372:000001EE57C303A0]     1702 ms: Scavenge 765.0 (813.0) -> 765.0 (814.0) MB, 1.7 / 0 ms [allocation failure].
[16372:000001EE57C303A0]     1704 ms: Scavenge 766.0 (814.0) -> 766.0 (815.0) MB, 1.4 / 0 ms [allocation failure].
[16372:000001EE57C303A0]     1705 ms: Scavenge 767.0 (815.0) -> 767.0 (816.0) MB, 1.6 / 0 ms [allocation failure].
[16372:000001EE57C303A0]     1707 ms: Scavenge 768.0 (816.0) -> 768.0 (817.0) MB, 1.3 / 0 ms [allocation failure].
[16372:000001EE57C303A0]     1709 ms: Scavenge 768.9 (817.0) -> 768.9 (818.0) MB, 2.0 / 0 ms [allocation failure].
[16372:000001EE57C303A0]     1711 ms: Scavenge 770.0 (818.0) -> 770.0 (819.0) MB, 1.4 / 0 ms [allocation failure].
[16372:000001EE57C303A0]     1713 ms: Scavenge 770.9 (819.0) -> 770.9 (820.0) MB, 2.0 / 0 ms [allocation failure].
[16372:000001EE57C303A0]     1715 ms: Scavenge 771.9 (820.0) -> 771.9 (821.0) MB, 1.5 / 0 ms [allocation failure].
[16372:000001EE57C303A0]     1718 ms: Scavenge 772.9 (821.0) -> 772.9 (822.0) MB, 2.8 / 0 ms [allocation failure].
[16372:000001EE57C303A0]     1720 ms: Scavenge 773.9 (822.0) -> 773.9 (823.0) MB, 1.8 / 0 ms [allocation failure].
[16372:000001EE57C303A0]     1721 ms: Scavenge 774.8 (823.0) -> 774.8 (824.0) MB, 1.6 / 0 ms [allocation failure].
[16372:000001EE57C303A0]     1723 ms: Scavenge 775.9 (824.0) -> 775.9 (825.0) MB, 1.8 / 0 ms [allocation failure].
[16372:000001EE57C303A0]     1725 ms: Scavenge 776.8 (825.0) -> 776.8 (826.0) MB, 1.4 / 0 ms [allocation failure].
[16372:000001EE57C303A0]     1727 ms: Scavenge 777.8 (826.0) -> 777.8 (827.0) MB, 1.5 / 0 ms [allocation failure].
[16372:000001EE57C303A0]     1728 ms: Scavenge 778.8 (827.0) -> 778.8 (828.0) MB, 1.5 / 0 ms [allocation failure].
[16372:000001EE57C303A0]     1730 ms: Scavenge 779.8 (828.0) -> 779.8 (829.0) MB, 1.4 / 0 ms [allocation failure].
[16372:000001EE57C303A0]     1732 ms: Scavenge 780.7 (829.0) -> 780.7 (830.0) MB, 1.7 / 0 ms [allocation failure].
[16372:000001EE57C303A0]     1734 ms: Scavenge 781.8 (830.0) -> 781.8 (831.0) MB, 2.2 / 0 ms [allocation failure].
[16372:000001EE57C303A0]     1737 ms: Scavenge 782.7 (831.0) -> 782.7 (832.0) MB, 2.0 / 0 ms [allocation failure].
[16372:000001EE57C303A0]     1739 ms: Scavenge 783.7 (832.0) -> 783.7 (833.0) MB, 2.1 / 0 ms [allocation failure].
[16372:000001EE57C303A0]     1741 ms: Scavenge 784.7 (833.0) -> 784.7 (834.0) MB, 1.4 / 0 ms [allocation failure].
[16372:000001EE57C303A0]     1743 ms: Scavenge 785.7 (834.0) -> 785.7 (835.0) MB, 2.2 / 0 ms [allocation failure].
[16372:000001EE57C303A0]     1745 ms: Scavenge 786.6 (835.0) -> 786.6 (836.0) MB, 1.4 / 0 ms [allocation failure].
[16372:000001EE57C303A0]     1747 ms: Scavenge 787.7 (836.0) -> 787.7 (837.0) MB, 1.9 / 0 ms [allocation failure].
[16372:000001EE57C303A0]     1749 ms: Scavenge 788.6 (837.0) -> 788.6 (838.0) MB, 1.6 / 0 ms [allocation failure].
[16372:000001EE57C303A0]     1750 ms: Scavenge 789.6 (838.0) -> 789.6 (839.0) MB, 1.3 / 0 ms [allocation failure].
[16372:000001EE57C303A0]     1755 ms: Scavenge 790.6 (839.0) -> 790.6 (840.0) MB, 4.9 / 1 ms [allocation failure].
[16372:000001EE57C303A0]     1757 ms: Scavenge 791.6 (840.0) -> 791.6 (841.0) MB, 1.3 / 0 ms [allocation failure].
[16372:000001EE57C303A0]     1759 ms: Scavenge 792.5 (841.0) -> 792.5 (842.0) MB, 1.6 / 0 ms [allocation failure].
[16372:000001EE57C303A0]     1760 ms: Scavenge 793.6 (842.0) -> 793.6 (843.0) MB, 1.4 / 0 ms [allocation failure].
[16372:000001EE57C303A0]     1762 ms: Scavenge 794.5 (843.0) -> 794.5 (844.0) MB, 1.7 / 0 ms [allocation failure].
[16372:000001EE57C303A0]     1764 ms: Scavenge 795.5 (844.0) -> 795.5 (845.0) MB, 1.5 / 0 ms [allocation failure].
[16372:000001EE57C303A0]     1766 ms: Scavenge 796.5 (845.0) -> 796.5 (846.0) MB, 1.6 / 0 ms [allocation failure].
[16372:000001EE57C303A0]     1768 ms: Scavenge 797.5 (846.0) -> 797.5 (847.0) MB, 1.6 / 0 ms [allocation failure].
[16372:000001EE57C303A0]     1770 ms: Scavenge 798.4 (847.0) -> 798.4 (848.0) MB, 1.7 / 0 ms [allocation failure].
[16372:000001EE57C303A0]     1771 ms: Scavenge 799.5 (848.0) -> 799.5 (849.0) MB, 1.3 / 0 ms [allocation failure].
[16372:000001EE57C303A0]     1773 ms: Scavenge 800.4 (849.0) -> 800.4 (850.0) MB, 1.7 / 0 ms [allocation failure].
[16372:000001EE57C303A0]     1775 ms: Scavenge 801.4 (850.0) -> 801.4 (851.0) MB, 1.4 / 0 ms [allocation failure].
[16372:000001EE57C303A0]     1777 ms: Scavenge 802.4 (851.0) -> 802.4 (852.0) MB, 1.6 / 0 ms [allocation failure].
[16372:000001EE57C303A0]     1779 ms: Scavenge 803.4 (852.0) -> 803.4 (853.0) MB, 1.7 / 0 ms [allocation failure].
[16372:000001EE57C303A0]     1780 ms: Scavenge 804.3 (853.0) -> 804.3 (854.0) MB, 1.4 / 0 ms [allocation failure].
[16372:000001EE57C303A0]     1782 ms: Scavenge 805.4 (854.0) -> 805.4 (855.0) MB, 1.6 / 0 ms [allocation failure].
[16372:000001EE57C303A0]     1784 ms: Scavenge 806.3 (855.0) -> 806.3 (856.0) MB, 1.3 / 0 ms [allocation failure].
[16372:000001EE57C303A0]     1785 ms: Scavenge 807.3 (856.0) -> 807.3 (857.0) MB, 1.5 / 0 ms [allocation failure].
[16372:000001EE57C303A0]     1787 ms: Scavenge 808.3 (857.0) -> 808.3 (858.0) MB, 1.4 / 0 ms [allocation failure].
[16372:000001EE57C303A0]     1788 ms: Scavenge 809.3 (858.0) -> 809.3 (859.0) MB, 1.3 / 0 ms [allocation failure].
[16372:000001EE57C303A0]     1790 ms: Scavenge 810.2 (859.0) -> 810.2 (860.0) MB, 1.4 / 0 ms [allocation failure].
[16372:000001EE57C303A0]     1792 ms: Scavenge 811.3 (860.0) -> 811.3 (861.0) MB, 1.5 / 0 ms [allocation failure].
[16372:000001EE57C303A0]     1794 ms: Scavenge 812.2 (861.0) -> 812.2 (862.0) MB, 1.5 / 0 ms [allocation failure].
[16372:000001EE57C303A0]     1796 ms: Scavenge 813.2 (862.0) -> 813.2 (863.0) MB, 1.9 / 0 ms [allocation failure].
[16372:000001EE57C303A0]     1798 ms: Scavenge 814.2 (863.0) -> 814.2 (864.0) MB, 1.8 / 0 ms [allocation failure].
[16372:000001EE57C303A0]     1800 ms: Scavenge 815.2 (864.0) -> 815.2 (865.0) MB, 1.5 / 0 ms [allocation failure].
[16372:000001EE57C303A0]     1803 ms: Scavenge 816.1 (865.0) -> 816.1 (866.0) MB, 3.4 / 0 ms [allocation failure].
[16372:000001EE57C303A0]     1805 ms: Scavenge 817.2 (866.0) -> 817.2 (867.0) MB, 1.7 / 0 ms [allocation failure].
[16372:000001EE57C303A0]     1807 ms: Scavenge 818.1 (867.0) -> 818.1 (868.0) MB, 2.0 / 0 ms [allocation failure].
[16372:000001EE57C303A0]     1810 ms: Scavenge 819.1 (868.0) -> 819.1 (869.0) MB, 2.1 / 0 ms [allocation failure].
[16372:000001EE57C303A0]     1811 ms: Scavenge 820.1 (869.0) -> 820.1 (870.0) MB, 1.6 / 0 ms [allocation failure].
[16372:000001EE57C303A0]     1813 ms: Scavenge 821.1 (870.0) -> 821.1 (871.0) MB, 1.6 / 0 ms [allocation failure].
[16372:000001EE57C303A0]     1815 ms: Scavenge 822.0 (871.0) -> 822.0 (872.0) MB, 1.6 / 0 ms [allocation failure].
[16372:000001EE57C303A0]     1817 ms: Scavenge 823.1 (872.0) -> 823.1 (873.0) MB, 1.5 / 0 ms [allocation failure].
[16372:000001EE57C303A0]     1819 ms: Scavenge 824.0 (873.0) -> 824.0 (874.0) MB, 2.0 / 0 ms [allocation failure].
[16372:000001EE57C303A0]     1821 ms: Scavenge 825.0 (874.0) -> 825.0 (875.0) MB, 1.6 / 0 ms [allocation failure].
[16372:000001EE57C303A0]     1823 ms: Scavenge 826.0 (875.0) -> 826.0 (876.0) MB, 2.2 / 0 ms [allocation failure].
[16372:000001EE57C303A0]     1826 ms: Scavenge 827.0 (876.0) -> 827.0 (877.0) MB, 2.2 / 0 ms [allocation failure].
[16372:000001EE57C303A0]     1828 ms: Scavenge 827.9 (877.0) -> 827.9 (878.0) MB, 1.9 / 0 ms [allocation failure].
[16372:000001EE57C303A0]     1830 ms: Scavenge 829.0 (878.0) -> 829.0 (879.0) MB, 1.8 / 0 ms [allocation failure].
[16372:000001EE57C303A0]     1832 ms: Scavenge 829.9 (879.0) -> 829.9 (880.0) MB, 1.7 / 0 ms [allocation failure].
[16372:000001EE57C303A0]     1834 ms: Scavenge 830.9 (880.0) -> 830.9 (881.0) MB, 1.9 / 0 ms [allocation failure].
[16372:000001EE57C303A0]     1837 ms: Scavenge 831.9 (881.0) -> 831.9 (882.0) MB, 2.9 / 0 ms [allocation failure].
[16372:000001EE57C303A0]     1840 ms: Scavenge 832.9 (882.0) -> 832.9 (883.0) MB, 2.3 / 0 ms [allocation failure].
[16372:000001EE57C303A0]     1842 ms: Scavenge 833.8 (883.0) -> 833.8 (884.0) MB, 2.1 / 0 ms [allocation failure].
[16372:000001EE57C303A0]     1845 ms: Scavenge 834.9 (884.0) -> 834.9 (885.0) MB, 1.8 / 0 ms [allocation failure].
